Archive member included to satisfy reference by file (symbol)

C:\Users\mytch\Desktop\CPE329~3\CPE329~1\CPE329~1\ARDUIN~1\Debug\libArduinoCore.a(HardwareSerial.o)
                              main.o (_ZN14HardwareSerial5beginEmh)
C:\Users\mytch\Desktop\CPE329~3\CPE329~1\CPE329~1\ARDUIN~1\Debug\libArduinoCore.a(HardwareSerial0.o)
                              main.o (Serial)
C:\Users\mytch\Desktop\CPE329~3\CPE329~1\CPE329~1\ARDUIN~1\Debug\libArduinoCore.a(Print.o)
                              C:\Users\mytch\Desktop\CPE329~3\CPE329~1\CPE329~1\ARDUIN~1\Debug\libArduinoCore.a(HardwareSerial.o) (_ZN5Print5writeEPKhj)
C:\Users\mytch\Desktop\CPE329~3\CPE329~1\CPE329~1\ARDUIN~1\Debug\libArduinoCore.a(wiring.o)
                              main.o (init)
C:\Users\mytch\Desktop\CPE329~3\CPE329~1\CPE329~1\ARDUIN~1\Debug\libArduinoCore.a(SparkFun_Tlc5940.o)
                              rgbUtil.o (_ZN7Tlc59403setEhj)
C:\Users\mytch\Desktop\CPE329~3\CPE329~1\CPE329~1\ARDUIN~1\Debug\libArduinoCore.a(abi.o)
                              C:\Users\mytch\Desktop\CPE329~3\CPE329~1\CPE329~1\ARDUIN~1\Debug\libArduinoCore.a(Print.o) (__cxa_pure_virtual)
C:\Users\mytch\Desktop\CPE329~3\CPE329~1\CPE329~1\ARDUIN~1\Debug\libArduinoCore.a(hooks.o)
                              C:\Users\mytch\Desktop\CPE329~3\CPE329~1\CPE329~1\ARDUIN~1\Debug\libArduinoCore.a(wiring.o) (yield)
c:/program files (x86)/atmel/studio/7.0/toolchain/avr8/avr8-gnu-toolchain/bin/../lib/gcc/avr/4.9.2/../../../../avr/lib/avr5\libm.a(addsf3.o)
                              C:\Users\mytch\Desktop\CPE329~3\CPE329~1\CPE329~1\ARDUIN~1\Debug\libArduinoCore.a(Print.o) (__subsf3)
c:/program files (x86)/atmel/studio/7.0/toolchain/avr8/avr8-gnu-toolchain/bin/../lib/gcc/avr/4.9.2/../../../../avr/lib/avr5\libm.a(addsf3x.o)
                              c:/program files (x86)/atmel/studio/7.0/toolchain/avr8/avr8-gnu-toolchain/bin/../lib/gcc/avr/4.9.2/../../../../avr/lib/avr5\libm.a(addsf3.o) (__addsf3x)
c:/program files (x86)/atmel/studio/7.0/toolchain/avr8/avr8-gnu-toolchain/bin/../lib/gcc/avr/4.9.2/../../../../avr/lib/avr5\libm.a(cmpsf2.o)
                              C:\Users\mytch\Desktop\CPE329~3\CPE329~1\CPE329~1\ARDUIN~1\Debug\libArduinoCore.a(Print.o) (__ltsf2)
c:/program files (x86)/atmel/studio/7.0/toolchain/avr8/avr8-gnu-toolchain/bin/../lib/gcc/avr/4.9.2/../../../../avr/lib/avr5\libm.a(divsf3.o)
                              C:\Users\mytch\Desktop\CPE329~3\CPE329~1\CPE329~1\ARDUIN~1\Debug\libArduinoCore.a(Print.o) (__divsf3)
c:/program files (x86)/atmel/studio/7.0/toolchain/avr8/avr8-gnu-toolchain/bin/../lib/gcc/avr/4.9.2/../../../../avr/lib/avr5\libm.a(divsf3x.o)
                              c:/program files (x86)/atmel/studio/7.0/toolchain/avr8/avr8-gnu-toolchain/bin/../lib/gcc/avr/4.9.2/../../../../avr/lib/avr5\libm.a(divsf3.o) (__divsf3x)
c:/program files (x86)/atmel/studio/7.0/toolchain/avr8/avr8-gnu-toolchain/bin/../lib/gcc/avr/4.9.2/../../../../avr/lib/avr5\libm.a(fixsfsi.o)
                              C:\Users\mytch\Desktop\CPE329~3\CPE329~1\CPE329~1\ARDUIN~1\Debug\libArduinoCore.a(Print.o) (__fixsfsi)
c:/program files (x86)/atmel/studio/7.0/toolchain/avr8/avr8-gnu-toolchain/bin/../lib/gcc/avr/4.9.2/../../../../avr/lib/avr5\libm.a(fixunssfsi.o)
                              C:\Users\mytch\Desktop\CPE329~3\CPE329~1\CPE329~1\ARDUIN~1\Debug\libArduinoCore.a(Print.o) (__fixunssfsi)
c:/program files (x86)/atmel/studio/7.0/toolchain/avr8/avr8-gnu-toolchain/bin/../lib/gcc/avr/4.9.2/../../../../avr/lib/avr5\libm.a(floatsisf.o)
                              C:\Users\mytch\Desktop\CPE329~3\CPE329~1\CPE329~1\ARDUIN~1\Debug\libArduinoCore.a(Print.o) (__floatunsisf)
c:/program files (x86)/atmel/studio/7.0/toolchain/avr8/avr8-gnu-toolchain/bin/../lib/gcc/avr/4.9.2/../../../../avr/lib/avr5\libm.a(fp_cmp.o)
                              c:/program files (x86)/atmel/studio/7.0/toolchain/avr8/avr8-gnu-toolchain/bin/../lib/gcc/avr/4.9.2/../../../../avr/lib/avr5\libm.a(cmpsf2.o) (__fp_cmp)
c:/program files (x86)/atmel/studio/7.0/toolchain/avr8/avr8-gnu-toolchain/bin/../lib/gcc/avr/4.9.2/../../../../avr/lib/avr5\libm.a(fp_inf.o)
                              c:/program files (x86)/atmel/studio/7.0/toolchain/avr8/avr8-gnu-toolchain/bin/../lib/gcc/avr/4.9.2/../../../../avr/lib/avr5\libm.a(addsf3x.o) (__fp_inf)
c:/program files (x86)/atmel/studio/7.0/toolchain/avr8/avr8-gnu-toolchain/bin/../lib/gcc/avr/4.9.2/../../../../avr/lib/avr5\libm.a(fp_nan.o)
                              c:/program files (x86)/atmel/studio/7.0/toolchain/avr8/avr8-gnu-toolchain/bin/../lib/gcc/avr/4.9.2/../../../../avr/lib/avr5\libm.a(addsf3x.o) (__fp_nan)
c:/program files (x86)/atmel/studio/7.0/toolchain/avr8/avr8-gnu-toolchain/bin/../lib/gcc/avr/4.9.2/../../../../avr/lib/avr5\libm.a(fp_pscA.o)
                              c:/program files (x86)/atmel/studio/7.0/toolchain/avr8/avr8-gnu-toolchain/bin/../lib/gcc/avr/4.9.2/../../../../avr/lib/avr5\libm.a(addsf3x.o) (__fp_pscA)
c:/program files (x86)/atmel/studio/7.0/toolchain/avr8/avr8-gnu-toolchain/bin/../lib/gcc/avr/4.9.2/../../../../avr/lib/avr5\libm.a(fp_pscB.o)
                              c:/program files (x86)/atmel/studio/7.0/toolchain/avr8/avr8-gnu-toolchain/bin/../lib/gcc/avr/4.9.2/../../../../avr/lib/avr5\libm.a(addsf3x.o) (__fp_pscB)
c:/program files (x86)/atmel/studio/7.0/toolchain/avr8/avr8-gnu-toolchain/bin/../lib/gcc/avr/4.9.2/../../../../avr/lib/avr5\libm.a(fp_round.o)
                              c:/program files (x86)/atmel/studio/7.0/toolchain/avr8/avr8-gnu-toolchain/bin/../lib/gcc/avr/4.9.2/../../../../avr/lib/avr5\libm.a(addsf3.o) (__fp_round)
c:/program files (x86)/atmel/studio/7.0/toolchain/avr8/avr8-gnu-toolchain/bin/../lib/gcc/avr/4.9.2/../../../../avr/lib/avr5\libm.a(fp_split3.o)
                              c:/program files (x86)/atmel/studio/7.0/toolchain/avr8/avr8-gnu-toolchain/bin/../lib/gcc/avr/4.9.2/../../../../avr/lib/avr5\libm.a(addsf3x.o) (__fp_split3)
c:/program files (x86)/atmel/studio/7.0/toolchain/avr8/avr8-gnu-toolchain/bin/../lib/gcc/avr/4.9.2/../../../../avr/lib/avr5\libm.a(fp_zero.o)
                              c:/program files (x86)/atmel/studio/7.0/toolchain/avr8/avr8-gnu-toolchain/bin/../lib/gcc/avr/4.9.2/../../../../avr/lib/avr5\libm.a(addsf3x.o) (__fp_zero)
c:/program files (x86)/atmel/studio/7.0/toolchain/avr8/avr8-gnu-toolchain/bin/../lib/gcc/avr/4.9.2/../../../../avr/lib/avr5\libm.a(gesf2.o)
                              C:\Users\mytch\Desktop\CPE329~3\CPE329~1\CPE329~1\ARDUIN~1\Debug\libArduinoCore.a(Print.o) (__gtsf2)
c:/program files (x86)/atmel/studio/7.0/toolchain/avr8/avr8-gnu-toolchain/bin/../lib/gcc/avr/4.9.2/../../../../avr/lib/avr5\libm.a(mulsf3.o)
                              C:\Users\mytch\Desktop\CPE329~3\CPE329~1\CPE329~1\ARDUIN~1\Debug\libArduinoCore.a(Print.o) (__mulsf3)
c:/program files (x86)/atmel/studio/7.0/toolchain/avr8/avr8-gnu-toolchain/bin/../lib/gcc/avr/4.9.2/../../../../avr/lib/avr5\libm.a(mulsf3x.o)
                              c:/program files (x86)/atmel/studio/7.0/toolchain/avr8/avr8-gnu-toolchain/bin/../lib/gcc/avr/4.9.2/../../../../avr/lib/avr5\libm.a(mulsf3.o) (__mulsf3x)
c:/program files (x86)/atmel/studio/7.0/toolchain/avr8/avr8-gnu-toolchain/bin/../lib/gcc/avr/4.9.2/../../../../avr/lib/avr5\libm.a(unordsf2.o)
                              C:\Users\mytch\Desktop\CPE329~3\CPE329~1\CPE329~1\ARDUIN~1\Debug\libArduinoCore.a(Print.o) (__unordsf2)
c:/program files (x86)/atmel/studio/7.0/toolchain/avr8/avr8-gnu-toolchain/bin/../lib/gcc/avr/4.9.2/avr5\libgcc.a(_divmodhi4.o)
                              main.o (__divmodhi4)
c:/program files (x86)/atmel/studio/7.0/toolchain/avr8/avr8-gnu-toolchain/bin/../lib/gcc/avr/4.9.2/avr5\libgcc.a(_udivmodsi4.o)
                              C:\Users\mytch\Desktop\CPE329~3\CPE329~1\CPE329~1\ARDUIN~1\Debug\libArduinoCore.a(HardwareSerial.o) (__udivmodsi4)
c:/program files (x86)/atmel/studio/7.0/toolchain/avr8/avr8-gnu-toolchain/bin/../lib/gcc/avr/4.9.2/avr5\libgcc.a(_exit.o)
                              C:/Program Files (x86)/Atmel/Studio/7.0/Packs/atmel/ATmega_DFP/1.0.98/gcc/dev/atmega328p/avr5/crtatmega328p.o (exit)
c:/program files (x86)/atmel/studio/7.0/toolchain/avr8/avr8-gnu-toolchain/bin/../lib/gcc/avr/4.9.2/avr5\libgcc.a(_copy_data.o)
                              main.o (__do_copy_data)
c:/program files (x86)/atmel/studio/7.0/toolchain/avr8/avr8-gnu-toolchain/bin/../lib/gcc/avr/4.9.2/avr5\libgcc.a(_clear_bss.o)
                              main.o (__do_clear_bss)
c:/program files (x86)/atmel/studio/7.0/toolchain/avr8/avr8-gnu-toolchain/bin/../lib/gcc/avr/4.9.2/avr5\libgcc.a(_ctors.o)
                              C:\Users\mytch\Desktop\CPE329~3\CPE329~1\CPE329~1\ARDUIN~1\Debug\libArduinoCore.a(HardwareSerial0.o) (__do_global_ctors)
c:/program files (x86)/atmel/studio/7.0/toolchain/avr8/avr8-gnu-toolchain/bin/../lib/gcc/avr/4.9.2/avr5\libgcc.a(_udivmodhi4.o)
                              c:/program files (x86)/atmel/studio/7.0/toolchain/avr8/avr8-gnu-toolchain/bin/../lib/gcc/avr/4.9.2/avr5\libgcc.a(_divmodhi4.o) (__udivmodhi4)
c:/program files (x86)/atmel/studio/7.0/toolchain/avr8/avr8-gnu-toolchain/bin/../lib/gcc/avr/4.9.2/avr5\libgcc.a(_tablejump2.o)
                              c:/program files (x86)/atmel/studio/7.0/toolchain/avr8/avr8-gnu-toolchain/bin/../lib/gcc/avr/4.9.2/avr5\libgcc.a(_ctors.o) (__tablejump2__)
c:/program files (x86)/atmel/studio/7.0/toolchain/avr8/avr8-gnu-toolchain/bin/../lib/gcc/avr/4.9.2/../../../../avr/lib/avr5\libc.a(abort.o)
                              C:\Users\mytch\Desktop\CPE329~3\CPE329~1\CPE329~1\ARDUIN~1\Debug\libArduinoCore.a(abi.o) (abort)

Discarded input sections

 .data          0x00000000        0x0 C:/Program Files (x86)/Atmel/Studio/7.0/Packs/atmel/ATmega_DFP/1.0.98/gcc/dev/atmega328p/avr5/crtatmega328p.o
 .bss           0x00000000        0x0 C:/Program Files (x86)/Atmel/Studio/7.0/Packs/atmel/ATmega_DFP/1.0.98/gcc/dev/atmega328p/avr5/crtatmega328p.o
 .text          0x00000000        0x0 main.o
 .data          0x00000000        0x0 main.o
 .bss           0x00000000        0x0 main.o
 .bss.chan      0x00000000        0x2 main.o
 .text          0x00000000        0x0 rgbUtil.o
 .data          0x00000000        0x0 rgbUtil.o
 .bss           0x00000000        0x0 rgbUtil.o
 .text          0x00000000        0x0 tmr_int_util.o
 .data          0x00000000        0x0 tmr_int_util.o
 .bss           0x00000000        0x0 tmr_int_util.o
 .text._Z8initGPIOv
                0x00000000        0xe tmr_int_util.o
 .text._Z10initTimersv
                0x00000000       0x14 tmr_int_util.o
 .text._Z9initPCINTv
                0x00000000       0x1a tmr_int_util.o
 .debug_info    0x00000000       0xad tmr_int_util.o
 .debug_abbrev  0x00000000       0x45 tmr_int_util.o
 .debug_aranges
                0x00000000       0x30 tmr_int_util.o
 .debug_ranges  0x00000000       0x20 tmr_int_util.o
 .debug_line    0x00000000       0x70 tmr_int_util.o
 .debug_str     0x00000000      0x231 tmr_int_util.o
 .comment       0x00000000       0x31 tmr_int_util.o
 .debug_frame   0x00000000       0x44 tmr_int_util.o
 .group         0x00000000        0x8 C:\Users\mytch\Desktop\CPE329~3\CPE329~1\CPE329~1\ARDUIN~1\Debug\libArduinoCore.a(HardwareSerial.o)
 .text          0x00000000        0x0 C:\Users\mytch\Desktop\CPE329~3\CPE329~1\CPE329~1\ARDUIN~1\Debug\libArduinoCore.a(HardwareSerial.o)
 .data          0x00000000        0x0 C:\Users\mytch\Desktop\CPE329~3\CPE329~1\CPE329~1\ARDUIN~1\Debug\libArduinoCore.a(HardwareSerial.o)
 .bss           0x00000000        0x0 C:\Users\mytch\Desktop\CPE329~3\CPE329~1\CPE329~1\ARDUIN~1\Debug\libArduinoCore.a(HardwareSerial.o)
 .text._Z14serialEventRunv
                0x00000000       0x1c C:\Users\mytch\Desktop\CPE329~3\CPE329~1\CPE329~1\ARDUIN~1\Debug\libArduinoCore.a(HardwareSerial.o)
 .text._ZN14HardwareSerial3endEv
                0x00000000       0x38 C:\Users\mytch\Desktop\CPE329~3\CPE329~1\CPE329~1\ARDUIN~1\Debug\libArduinoCore.a(HardwareSerial.o)
 .text._ZN14HardwareSerial17availableForWriteEv
                0x00000000       0x1e C:\Users\mytch\Desktop\CPE329~3\CPE329~1\CPE329~1\ARDUIN~1\Debug\libArduinoCore.a(HardwareSerial.o)
 .text          0x00000000        0x0 C:\Users\mytch\Desktop\CPE329~3\CPE329~1\CPE329~1\ARDUIN~1\Debug\libArduinoCore.a(HardwareSerial0.o)
 .data          0x00000000        0x0 C:\Users\mytch\Desktop\CPE329~3\CPE329~1\CPE329~1\ARDUIN~1\Debug\libArduinoCore.a(HardwareSerial0.o)
 .bss           0x00000000        0x0 C:\Users\mytch\Desktop\CPE329~3\CPE329~1\CPE329~1\ARDUIN~1\Debug\libArduinoCore.a(HardwareSerial0.o)
 .text._Z17Serial0_availablev
                0x00000000       0x14 C:\Users\mytch\Desktop\CPE329~3\CPE329~1\CPE329~1\ARDUIN~1\Debug\libArduinoCore.a(HardwareSerial0.o)
 .group         0x00000000        0x8 C:\Users\mytch\Desktop\CPE329~3\CPE329~1\CPE329~1\ARDUIN~1\Debug\libArduinoCore.a(Print.o)
 .group         0x00000000        0x8 C:\Users\mytch\Desktop\CPE329~3\CPE329~1\CPE329~1\ARDUIN~1\Debug\libArduinoCore.a(Print.o)
 .text          0x00000000        0x0 C:\Users\mytch\Desktop\CPE329~3\CPE329~1\CPE329~1\ARDUIN~1\Debug\libArduinoCore.a(Print.o)
 .data          0x00000000        0x0 C:\Users\mytch\Desktop\CPE329~3\CPE329~1\CPE329~1\ARDUIN~1\Debug\libArduinoCore.a(Print.o)
 .bss           0x00000000        0x0 C:\Users\mytch\Desktop\CPE329~3\CPE329~1\CPE329~1\ARDUIN~1\Debug\libArduinoCore.a(Print.o)
 .text._ZN5Print5printEPK19__FlashStringHelper
                0x00000000       0x46 C:\Users\mytch\Desktop\CPE329~3\CPE329~1\CPE329~1\ARDUIN~1\Debug\libArduinoCore.a(Print.o)
 .text._ZN5Print5printERK6String
                0x00000000       0x1c C:\Users\mytch\Desktop\CPE329~3\CPE329~1\CPE329~1\ARDUIN~1\Debug\libArduinoCore.a(Print.o)
 .text._ZN5Print5printEPKc
                0x00000000        0x4 C:\Users\mytch\Desktop\CPE329~3\CPE329~1\CPE329~1\ARDUIN~1\Debug\libArduinoCore.a(Print.o)
 .text._ZN5Print5printERK9Printable
                0x00000000       0x14 C:\Users\mytch\Desktop\CPE329~3\CPE329~1\CPE329~1\ARDUIN~1\Debug\libArduinoCore.a(Print.o)
 .text._ZN5Print7printlnEPK19__FlashStringHelper
                0x00000000       0x24 C:\Users\mytch\Desktop\CPE329~3\CPE329~1\CPE329~1\ARDUIN~1\Debug\libArduinoCore.a(Print.o)
 .text._ZN5Print7printlnERK6String
                0x00000000       0x24 C:\Users\mytch\Desktop\CPE329~3\CPE329~1\CPE329~1\ARDUIN~1\Debug\libArduinoCore.a(Print.o)
 .text._ZN5Print7printlnEPKc
                0x00000000       0x24 C:\Users\mytch\Desktop\CPE329~3\CPE329~1\CPE329~1\ARDUIN~1\Debug\libArduinoCore.a(Print.o)
 .text._ZN5Print7printlnEc
                0x00000000       0x24 C:\Users\mytch\Desktop\CPE329~3\CPE329~1\CPE329~1\ARDUIN~1\Debug\libArduinoCore.a(Print.o)
 .text._ZN5Print7printlnERK9Printable
                0x00000000       0x24 C:\Users\mytch\Desktop\CPE329~3\CPE329~1\CPE329~1\ARDUIN~1\Debug\libArduinoCore.a(Print.o)
 .text._ZN5Print5printEii
                0x00000000        0xe C:\Users\mytch\Desktop\CPE329~3\CPE329~1\CPE329~1\ARDUIN~1\Debug\libArduinoCore.a(Print.o)
 .text._ZN5Print7printlnEli
                0x00000000       0x24 C:\Users\mytch\Desktop\CPE329~3\CPE329~1\CPE329~1\ARDUIN~1\Debug\libArduinoCore.a(Print.o)
 .text._ZN5Print5printEmi
                0x00000000       0x1a C:\Users\mytch\Desktop\CPE329~3\CPE329~1\CPE329~1\ARDUIN~1\Debug\libArduinoCore.a(Print.o)
 .text._ZN5Print5printEhi
                0x00000000        0xe C:\Users\mytch\Desktop\CPE329~3\CPE329~1\CPE329~1\ARDUIN~1\Debug\libArduinoCore.a(Print.o)
 .text._ZN5Print7printlnEhi
                0x00000000       0x2e C:\Users\mytch\Desktop\CPE329~3\CPE329~1\CPE329~1\ARDUIN~1\Debug\libArduinoCore.a(Print.o)
 .text._ZN5Print5printEji
                0x00000000        0xc C:\Users\mytch\Desktop\CPE329~3\CPE329~1\CPE329~1\ARDUIN~1\Debug\libArduinoCore.a(Print.o)
 .text._ZN5Print7printlnEji
                0x00000000       0x2c C:\Users\mytch\Desktop\CPE329~3\CPE329~1\CPE329~1\ARDUIN~1\Debug\libArduinoCore.a(Print.o)
 .text._ZN5Print7printlnEmi
                0x00000000       0x24 C:\Users\mytch\Desktop\CPE329~3\CPE329~1\CPE329~1\ARDUIN~1\Debug\libArduinoCore.a(Print.o)
 .text._ZN5Print10printFloatEdh
                0x00000000      0x1ca C:\Users\mytch\Desktop\CPE329~3\CPE329~1\CPE329~1\ARDUIN~1\Debug\libArduinoCore.a(Print.o)
 .text._ZN5Print5printEdi
                0x00000000        0x4 C:\Users\mytch\Desktop\CPE329~3\CPE329~1\CPE329~1\ARDUIN~1\Debug\libArduinoCore.a(Print.o)
 .text._ZN5Print7printlnEdi
                0x00000000       0x24 C:\Users\mytch\Desktop\CPE329~3\CPE329~1\CPE329~1\ARDUIN~1\Debug\libArduinoCore.a(Print.o)
 .rodata._ZTV5Print
                0x00000000        0x8 C:\Users\mytch\Desktop\CPE329~3\CPE329~1\CPE329~1\ARDUIN~1\Debug\libArduinoCore.a(Print.o)
 .text          0x00000000        0x0 C:\Users\mytch\Desktop\CPE329~3\CPE329~1\CPE329~1\ARDUIN~1\Debug\libArduinoCore.a(wiring.o)
 .data          0x00000000        0x0 C:\Users\mytch\Desktop\CPE329~3\CPE329~1\CPE329~1\ARDUIN~1\Debug\libArduinoCore.a(wiring.o)
 .bss           0x00000000        0x0 C:\Users\mytch\Desktop\CPE329~3\CPE329~1\CPE329~1\ARDUIN~1\Debug\libArduinoCore.a(wiring.o)
 .text.millis   0x00000000       0x18 C:\Users\mytch\Desktop\CPE329~3\CPE329~1\CPE329~1\ARDUIN~1\Debug\libArduinoCore.a(wiring.o)
 .text.micros   0x00000000       0x4a C:\Users\mytch\Desktop\CPE329~3\CPE329~1\CPE329~1\ARDUIN~1\Debug\libArduinoCore.a(wiring.o)
 .text.delay    0x00000000       0x50 C:\Users\mytch\Desktop\CPE329~3\CPE329~1\CPE329~1\ARDUIN~1\Debug\libArduinoCore.a(wiring.o)
 .text.delayMicroseconds
                0x00000000       0x16 C:\Users\mytch\Desktop\CPE329~3\CPE329~1\CPE329~1\ARDUIN~1\Debug\libArduinoCore.a(wiring.o)
 .text          0x00000000        0x0 C:\Users\mytch\Desktop\CPE329~3\CPE329~1\CPE329~1\ARDUIN~1\Debug\libArduinoCore.a(SparkFun_Tlc5940.o)
 .data          0x00000000        0x0 C:\Users\mytch\Desktop\CPE329~3\CPE329~1\CPE329~1\ARDUIN~1\Debug\libArduinoCore.a(SparkFun_Tlc5940.o)
 .bss           0x00000000        0x0 C:\Users\mytch\Desktop\CPE329~3\CPE329~1\CPE329~1\ARDUIN~1\Debug\libArduinoCore.a(SparkFun_Tlc5940.o)
 .text._ZN7Tlc59403getEh
                0x00000000       0x3a C:\Users\mytch\Desktop\CPE329~3\CPE329~1\CPE329~1\ARDUIN~1\Debug\libArduinoCore.a(SparkFun_Tlc5940.o)
 .text          0x00000000        0x0 C:\Users\mytch\Desktop\CPE329~3\CPE329~1\CPE329~1\ARDUIN~1\Debug\libArduinoCore.a(abi.o)
 .data          0x00000000        0x0 C:\Users\mytch\Desktop\CPE329~3\CPE329~1\CPE329~1\ARDUIN~1\Debug\libArduinoCore.a(abi.o)
 .bss           0x00000000        0x0 C:\Users\mytch\Desktop\CPE329~3\CPE329~1\CPE329~1\ARDUIN~1\Debug\libArduinoCore.a(abi.o)
 .text.__cxa_pure_virtual
                0x00000000        0x4 C:\Users\mytch\Desktop\CPE329~3\CPE329~1\CPE329~1\ARDUIN~1\Debug\libArduinoCore.a(abi.o)
 .text.__cxa_deleted_virtual
                0x00000000        0x4 C:\Users\mytch\Desktop\CPE329~3\CPE329~1\CPE329~1\ARDUIN~1\Debug\libArduinoCore.a(abi.o)
 .debug_info    0x00000000       0x8e C:\Users\mytch\Desktop\CPE329~3\CPE329~1\CPE329~1\ARDUIN~1\Debug\libArduinoCore.a(abi.o)
 .debug_abbrev  0x00000000       0x5e C:\Users\mytch\Desktop\CPE329~3\CPE329~1\CPE329~1\ARDUIN~1\Debug\libArduinoCore.a(abi.o)
 .debug_aranges
                0x00000000       0x28 C:\Users\mytch\Desktop\CPE329~3\CPE329~1\CPE329~1\ARDUIN~1\Debug\libArduinoCore.a(abi.o)
 .debug_ranges  0x00000000       0x18 C:\Users\mytch\Desktop\CPE329~3\CPE329~1\CPE329~1\ARDUIN~1\Debug\libArduinoCore.a(abi.o)
 .debug_line    0x00000000       0xaf C:\Users\mytch\Desktop\CPE329~3\CPE329~1\CPE329~1\ARDUIN~1\Debug\libArduinoCore.a(abi.o)
 .debug_str     0x00000000      0x1b8 C:\Users\mytch\Desktop\CPE329~3\CPE329~1\CPE329~1\ARDUIN~1\Debug\libArduinoCore.a(abi.o)
 .comment       0x00000000       0x31 C:\Users\mytch\Desktop\CPE329~3\CPE329~1\CPE329~1\ARDUIN~1\Debug\libArduinoCore.a(abi.o)
 .debug_frame   0x00000000       0x34 C:\Users\mytch\Desktop\CPE329~3\CPE329~1\CPE329~1\ARDUIN~1\Debug\libArduinoCore.a(abi.o)
 .text          0x00000000        0x0 C:\Users\mytch\Desktop\CPE329~3\CPE329~1\CPE329~1\ARDUIN~1\Debug\libArduinoCore.a(hooks.o)
 .data          0x00000000        0x0 C:\Users\mytch\Desktop\CPE329~3\CPE329~1\CPE329~1\ARDUIN~1\Debug\libArduinoCore.a(hooks.o)
 .bss           0x00000000        0x0 C:\Users\mytch\Desktop\CPE329~3\CPE329~1\CPE329~1\ARDUIN~1\Debug\libArduinoCore.a(hooks.o)
 .text.__empty  0x00000000        0x2 C:\Users\mytch\Desktop\CPE329~3\CPE329~1\CPE329~1\ARDUIN~1\Debug\libArduinoCore.a(hooks.o)
 .debug_info    0x00000000       0x3e C:\Users\mytch\Desktop\CPE329~3\CPE329~1\CPE329~1\ARDUIN~1\Debug\libArduinoCore.a(hooks.o)
 .debug_abbrev  0x00000000       0x2a C:\Users\mytch\Desktop\CPE329~3\CPE329~1\CPE329~1\ARDUIN~1\Debug\libArduinoCore.a(hooks.o)
 .debug_aranges
                0x00000000       0x20 C:\Users\mytch\Desktop\CPE329~3\CPE329~1\CPE329~1\ARDUIN~1\Debug\libArduinoCore.a(hooks.o)
 .debug_ranges  0x00000000       0x10 C:\Users\mytch\Desktop\CPE329~3\CPE329~1\CPE329~1\ARDUIN~1\Debug\libArduinoCore.a(hooks.o)
 .debug_line    0x00000000       0x3c C:\Users\mytch\Desktop\CPE329~3\CPE329~1\CPE329~1\ARDUIN~1\Debug\libArduinoCore.a(hooks.o)
 .debug_str     0x00000000      0x148 C:\Users\mytch\Desktop\CPE329~3\CPE329~1\CPE329~1\ARDUIN~1\Debug\libArduinoCore.a(hooks.o)
 .comment       0x00000000       0x31 C:\Users\mytch\Desktop\CPE329~3\CPE329~1\CPE329~1\ARDUIN~1\Debug\libArduinoCore.a(hooks.o)
 .debug_frame   0x00000000       0x24 C:\Users\mytch\Desktop\CPE329~3\CPE329~1\CPE329~1\ARDUIN~1\Debug\libArduinoCore.a(hooks.o)
 .text          0x00000000        0x0 c:/program files (x86)/atmel/studio/7.0/toolchain/avr8/avr8-gnu-toolchain/bin/../lib/gcc/avr/4.9.2/../../../../avr/lib/avr5\libm.a(addsf3.o)
 .data          0x00000000        0x0 c:/program files (x86)/atmel/studio/7.0/toolchain/avr8/avr8-gnu-toolchain/bin/../lib/gcc/avr/4.9.2/../../../../avr/lib/avr5\libm.a(addsf3.o)
 .bss           0x00000000        0x0 c:/program files (x86)/atmel/studio/7.0/toolchain/avr8/avr8-gnu-toolchain/bin/../lib/gcc/avr/4.9.2/../../../../avr/lib/avr5\libm.a(addsf3.o)
 .text.avr-libc.fplib
                0x00000000        0xe c:/program files (x86)/atmel/studio/7.0/toolchain/avr8/avr8-gnu-toolchain/bin/../lib/gcc/avr/4.9.2/../../../../avr/lib/avr5\libm.a(addsf3.o)
 .text          0x00000000        0x0 c:/program files (x86)/atmel/studio/7.0/toolchain/avr8/avr8-gnu-toolchain/bin/../lib/gcc/avr/4.9.2/../../../../avr/lib/avr5\libm.a(addsf3x.o)
 .data          0x00000000        0x0 c:/program files (x86)/atmel/studio/7.0/toolchain/avr8/avr8-gnu-toolchain/bin/../lib/gcc/avr/4.9.2/../../../../avr/lib/avr5\libm.a(addsf3x.o)
 .bss           0x00000000        0x0 c:/program files (x86)/atmel/studio/7.0/toolchain/avr8/avr8-gnu-toolchain/bin/../lib/gcc/avr/4.9.2/../../../../avr/lib/avr5\libm.a(addsf3x.o)
 .text.avr-libc.fplib
                0x00000000       0xcc c:/program files (x86)/atmel/studio/7.0/toolchain/avr8/avr8-gnu-toolchain/bin/../lib/gcc/avr/4.9.2/../../../../avr/lib/avr5\libm.a(addsf3x.o)
 .text          0x00000000        0x0 c:/program files (x86)/atmel/studio/7.0/toolchain/avr8/avr8-gnu-toolchain/bin/../lib/gcc/avr/4.9.2/../../../../avr/lib/avr5\libm.a(cmpsf2.o)
 .data          0x00000000        0x0 c:/program files (x86)/atmel/studio/7.0/toolchain/avr8/avr8-gnu-toolchain/bin/../lib/gcc/avr/4.9.2/../../../../avr/lib/avr5\libm.a(cmpsf2.o)
 .bss           0x00000000        0x0 c:/program files (x86)/atmel/studio/7.0/toolchain/avr8/avr8-gnu-toolchain/bin/../lib/gcc/avr/4.9.2/../../../../avr/lib/avr5\libm.a(cmpsf2.o)
 .text.avr-libc.fplib
                0x00000000        0xa c:/program files (x86)/atmel/studio/7.0/toolchain/avr8/avr8-gnu-toolchain/bin/../lib/gcc/avr/4.9.2/../../../../avr/lib/avr5\libm.a(cmpsf2.o)
 .text          0x00000000        0x0 c:/program files (x86)/atmel/studio/7.0/toolchain/avr8/avr8-gnu-toolchain/bin/../lib/gcc/avr/4.9.2/../../../../avr/lib/avr5\libm.a(divsf3.o)
 .data          0x00000000        0x0 c:/program files (x86)/atmel/studio/7.0/toolchain/avr8/avr8-gnu-toolchain/bin/../lib/gcc/avr/4.9.2/../../../../avr/lib/avr5\libm.a(divsf3.o)
 .bss           0x00000000        0x0 c:/program files (x86)/atmel/studio/7.0/toolchain/avr8/avr8-gnu-toolchain/bin/../lib/gcc/avr/4.9.2/../../../../avr/lib/avr5\libm.a(divsf3.o)
 .text.avr-libc.fplib
                0x00000000        0x8 c:/program files (x86)/atmel/studio/7.0/toolchain/avr8/avr8-gnu-toolchain/bin/../lib/gcc/avr/4.9.2/../../../../avr/lib/avr5\libm.a(divsf3.o)
 .text          0x00000000        0x0 c:/program files (x86)/atmel/studio/7.0/toolchain/avr8/avr8-gnu-toolchain/bin/../lib/gcc/avr/4.9.2/../../../../avr/lib/avr5\libm.a(divsf3x.o)
 .data          0x00000000        0x0 c:/program files (x86)/atmel/studio/7.0/toolchain/avr8/avr8-gnu-toolchain/bin/../lib/gcc/avr/4.9.2/../../../../avr/lib/avr5\libm.a(divsf3x.o)
 .bss           0x00000000        0x0 c:/program files (x86)/atmel/studio/7.0/toolchain/avr8/avr8-gnu-toolchain/bin/../lib/gcc/avr/4.9.2/../../../../avr/lib/avr5\libm.a(divsf3x.o)
 .text.avr-libc.fplib
                0x00000000       0xdc c:/program files (x86)/atmel/studio/7.0/toolchain/avr8/avr8-gnu-toolchain/bin/../lib/gcc/avr/4.9.2/../../../../avr/lib/avr5\libm.a(divsf3x.o)
 .text          0x00000000        0x0 c:/program files (x86)/atmel/studio/7.0/toolchain/avr8/avr8-gnu-toolchain/bin/../lib/gcc/avr/4.9.2/../../../../avr/lib/avr5\libm.a(fixsfsi.o)
 .data          0x00000000        0x0 c:/program files (x86)/atmel/studio/7.0/toolchain/avr8/avr8-gnu-toolchain/bin/../lib/gcc/avr/4.9.2/../../../../avr/lib/avr5\libm.a(fixsfsi.o)
 .bss           0x00000000        0x0 c:/program files (x86)/atmel/studio/7.0/toolchain/avr8/avr8-gnu-toolchain/bin/../lib/gcc/avr/4.9.2/../../../../avr/lib/avr5\libm.a(fixsfsi.o)
 .text.avr-libc.fplib
                0x00000000        0xe c:/program files (x86)/atmel/studio/7.0/toolchain/avr8/avr8-gnu-toolchain/bin/../lib/gcc/avr/4.9.2/../../../../avr/lib/avr5\libm.a(fixsfsi.o)
 .text          0x00000000        0x0 c:/program files (x86)/atmel/studio/7.0/toolchain/avr8/avr8-gnu-toolchain/bin/../lib/gcc/avr/4.9.2/../../../../avr/lib/avr5\libm.a(fixunssfsi.o)
 .data          0x00000000        0x0 c:/program files (x86)/atmel/studio/7.0/toolchain/avr8/avr8-gnu-toolchain/bin/../lib/gcc/avr/4.9.2/../../../../avr/lib/avr5\libm.a(fixunssfsi.o)
 .bss           0x00000000        0x0 c:/program files (x86)/atmel/studio/7.0/toolchain/avr8/avr8-gnu-toolchain/bin/../lib/gcc/avr/4.9.2/../../../../avr/lib/avr5\libm.a(fixunssfsi.o)
 .text.avr-libc.fplib
                0x00000000       0x5e c:/program files (x86)/atmel/studio/7.0/toolchain/avr8/avr8-gnu-toolchain/bin/../lib/gcc/avr/4.9.2/../../../../avr/lib/avr5\libm.a(fixunssfsi.o)
 .text          0x00000000        0x0 c:/program files (x86)/atmel/studio/7.0/toolchain/avr8/avr8-gnu-toolchain/bin/../lib/gcc/avr/4.9.2/../../../../avr/lib/avr5\libm.a(floatsisf.o)
 .data          0x00000000        0x0 c:/program files (x86)/atmel/studio/7.0/toolchain/avr8/avr8-gnu-toolchain/bin/../lib/gcc/avr/4.9.2/../../../../avr/lib/avr5\libm.a(floatsisf.o)
 .bss           0x00000000        0x0 c:/program files (x86)/atmel/studio/7.0/toolchain/avr8/avr8-gnu-toolchain/bin/../lib/gcc/avr/4.9.2/../../../../avr/lib/avr5\libm.a(floatsisf.o)
 .text.avr-libc.fplib
                0x00000000       0x7a c:/program files (x86)/atmel/studio/7.0/toolchain/avr8/avr8-gnu-toolchain/bin/../lib/gcc/avr/4.9.2/../../../../avr/lib/avr5\libm.a(floatsisf.o)
 .text          0x00000000        0x0 c:/program files (x86)/atmel/studio/7.0/toolchain/avr8/avr8-gnu-toolchain/bin/../lib/gcc/avr/4.9.2/../../../../avr/lib/avr5\libm.a(fp_cmp.o)
 .data          0x00000000        0x0 c:/program files (x86)/atmel/studio/7.0/toolchain/avr8/avr8-gnu-toolchain/bin/../lib/gcc/avr/4.9.2/../../../../avr/lib/avr5\libm.a(fp_cmp.o)
 .bss           0x00000000        0x0 c:/program files (x86)/atmel/studio/7.0/toolchain/avr8/avr8-gnu-toolchain/bin/../lib/gcc/avr/4.9.2/../../../../avr/lib/avr5\libm.a(fp_cmp.o)
 .text.avr-libc.fplib
                0x00000000       0x48 c:/program files (x86)/atmel/studio/7.0/toolchain/avr8/avr8-gnu-toolchain/bin/../lib/gcc/avr/4.9.2/../../../../avr/lib/avr5\libm.a(fp_cmp.o)
 .text          0x00000000        0x0 c:/program files (x86)/atmel/studio/7.0/toolchain/avr8/avr8-gnu-toolchain/bin/../lib/gcc/avr/4.9.2/../../../../avr/lib/avr5\libm.a(fp_inf.o)
 .data          0x00000000        0x0 c:/program files (x86)/atmel/studio/7.0/toolchain/avr8/avr8-gnu-toolchain/bin/../lib/gcc/avr/4.9.2/../../../../avr/lib/avr5\libm.a(fp_inf.o)
 .bss           0x00000000        0x0 c:/program files (x86)/atmel/studio/7.0/toolchain/avr8/avr8-gnu-toolchain/bin/../lib/gcc/avr/4.9.2/../../../../avr/lib/avr5\libm.a(fp_inf.o)
 .text.avr-libc.fplib
                0x00000000        0xc c:/program files (x86)/atmel/studio/7.0/toolchain/avr8/avr8-gnu-toolchain/bin/../lib/gcc/avr/4.9.2/../../../../avr/lib/avr5\libm.a(fp_inf.o)
 .text          0x00000000        0x0 c:/program files (x86)/atmel/studio/7.0/toolchain/avr8/avr8-gnu-toolchain/bin/../lib/gcc/avr/4.9.2/../../../../avr/lib/avr5\libm.a(fp_nan.o)
 .data          0x00000000        0x0 c:/program files (x86)/atmel/studio/7.0/toolchain/avr8/avr8-gnu-toolchain/bin/../lib/gcc/avr/4.9.2/../../../../avr/lib/avr5\libm.a(fp_nan.o)
 .bss           0x00000000        0x0 c:/program files (x86)/atmel/studio/7.0/toolchain/avr8/avr8-gnu-toolchain/bin/../lib/gcc/avr/4.9.2/../../../../avr/lib/avr5\libm.a(fp_nan.o)
 .text.avr-libc.fplib
                0x00000000        0x6 c:/program files (x86)/atmel/studio/7.0/toolchain/avr8/avr8-gnu-toolchain/bin/../lib/gcc/avr/4.9.2/../../../../avr/lib/avr5\libm.a(fp_nan.o)
 .text          0x00000000        0x0 c:/program files (x86)/atmel/studio/7.0/toolchain/avr8/avr8-gnu-toolchain/bin/../lib/gcc/avr/4.9.2/../../../../avr/lib/avr5\libm.a(fp_pscA.o)
 .data          0x00000000        0x0 c:/program files (x86)/atmel/studio/7.0/toolchain/avr8/avr8-gnu-toolchain/bin/../lib/gcc/avr/4.9.2/../../../../avr/lib/avr5\libm.a(fp_pscA.o)
 .bss           0x00000000        0x0 c:/program files (x86)/atmel/studio/7.0/toolchain/avr8/avr8-gnu-toolchain/bin/../lib/gcc/avr/4.9.2/../../../../avr/lib/avr5\libm.a(fp_pscA.o)
 .text.avr-libc.fplib
                0x00000000        0xe c:/program files (x86)/atmel/studio/7.0/toolchain/avr8/avr8-gnu-toolchain/bin/../lib/gcc/avr/4.9.2/../../../../avr/lib/avr5\libm.a(fp_pscA.o)
 .text          0x00000000        0x0 c:/program files (x86)/atmel/studio/7.0/toolchain/avr8/avr8-gnu-toolchain/bin/../lib/gcc/avr/4.9.2/../../../../avr/lib/avr5\libm.a(fp_pscB.o)
 .data          0x00000000        0x0 c:/program files (x86)/atmel/studio/7.0/toolchain/avr8/avr8-gnu-toolchain/bin/../lib/gcc/avr/4.9.2/../../../../avr/lib/avr5\libm.a(fp_pscB.o)
 .bss           0x00000000        0x0 c:/program files (x86)/atmel/studio/7.0/toolchain/avr8/avr8-gnu-toolchain/bin/../lib/gcc/avr/4.9.2/../../../../avr/lib/avr5\libm.a(fp_pscB.o)
 .text.avr-libc.fplib
                0x00000000        0xe c:/program files (x86)/atmel/studio/7.0/toolchain/avr8/avr8-gnu-toolchain/bin/../lib/gcc/avr/4.9.2/../../../../avr/lib/avr5\libm.a(fp_pscB.o)
 .text          0x00000000        0x0 c:/program files (x86)/atmel/studio/7.0/toolchain/avr8/avr8-gnu-toolchain/bin/../lib/gcc/avr/4.9.2/../../../../avr/lib/avr5\libm.a(fp_round.o)
 .data          0x00000000        0x0 c:/program files (x86)/atmel/studio/7.0/toolchain/avr8/avr8-gnu-toolchain/bin/../lib/gcc/avr/4.9.2/../../../../avr/lib/avr5\libm.a(fp_round.o)
 .bss           0x00000000        0x0 c:/program files (x86)/atmel/studio/7.0/toolchain/avr8/avr8-gnu-toolchain/bin/../lib/gcc/avr/4.9.2/../../../../avr/lib/avr5\libm.a(fp_round.o)
 .text.avr-libc.fplib
                0x00000000       0x22 c:/program files (x86)/atmel/studio/7.0/toolchain/avr8/avr8-gnu-toolchain/bin/../lib/gcc/avr/4.9.2/../../../../avr/lib/avr5\libm.a(fp_round.o)
 .text          0x00000000        0x0 c:/program files (x86)/atmel/studio/7.0/toolchain/avr8/avr8-gnu-toolchain/bin/../lib/gcc/avr/4.9.2/../../../../avr/lib/avr5\libm.a(fp_split3.o)
 .data          0x00000000        0x0 c:/program files (x86)/atmel/studio/7.0/toolchain/avr8/avr8-gnu-toolchain/bin/../lib/gcc/avr/4.9.2/../../../../avr/lib/avr5\libm.a(fp_split3.o)
 .bss           0x00000000        0x0 c:/program files (x86)/atmel/studio/7.0/toolchain/avr8/avr8-gnu-toolchain/bin/../lib/gcc/avr/4.9.2/../../../../avr/lib/avr5\libm.a(fp_split3.o)
 .text.avr-libc.fplib
                0x00000000       0x44 c:/program files (x86)/atmel/studio/7.0/toolchain/avr8/avr8-gnu-toolchain/bin/../lib/gcc/avr/4.9.2/../../../../avr/lib/avr5\libm.a(fp_split3.o)
 .text          0x00000000        0x0 c:/program files (x86)/atmel/studio/7.0/toolchain/avr8/avr8-gnu-toolchain/bin/../lib/gcc/avr/4.9.2/../../../../avr/lib/avr5\libm.a(fp_zero.o)
 .data          0x00000000        0x0 c:/program files (x86)/atmel/studio/7.0/toolchain/avr8/avr8-gnu-toolchain/bin/../lib/gcc/avr/4.9.2/../../../../avr/lib/avr5\libm.a(fp_zero.o)
 .bss           0x00000000        0x0 c:/program files (x86)/atmel/studio/7.0/toolchain/avr8/avr8-gnu-toolchain/bin/../lib/gcc/avr/4.9.2/../../../../avr/lib/avr5\libm.a(fp_zero.o)
 .text.avr-libc.fplib
                0x00000000        0xe c:/program files (x86)/atmel/studio/7.0/toolchain/avr8/avr8-gnu-toolchain/bin/../lib/gcc/avr/4.9.2/../../../../avr/lib/avr5\libm.a(fp_zero.o)
 .text          0x00000000        0x0 c:/program files (x86)/atmel/studio/7.0/toolchain/avr8/avr8-gnu-toolchain/bin/../lib/gcc/avr/4.9.2/../../../../avr/lib/avr5\libm.a(gesf2.o)
 .data          0x00000000        0x0 c:/program files (x86)/atmel/studio/7.0/toolchain/avr8/avr8-gnu-toolchain/bin/../lib/gcc/avr/4.9.2/../../../../avr/lib/avr5\libm.a(gesf2.o)
 .bss           0x00000000        0x0 c:/program files (x86)/atmel/studio/7.0/toolchain/avr8/avr8-gnu-toolchain/bin/../lib/gcc/avr/4.9.2/../../../../avr/lib/avr5\libm.a(gesf2.o)
 .text.avr-libc.fplib
                0x00000000        0xa c:/program files (x86)/atmel/studio/7.0/toolchain/avr8/avr8-gnu-toolchain/bin/../lib/gcc/avr/4.9.2/../../../../avr/lib/avr5\libm.a(gesf2.o)
 .text          0x00000000        0x0 c:/program files (x86)/atmel/studio/7.0/toolchain/avr8/avr8-gnu-toolchain/bin/../lib/gcc/avr/4.9.2/../../../../avr/lib/avr5\libm.a(mulsf3.o)
 .data          0x00000000        0x0 c:/program files (x86)/atmel/studio/7.0/toolchain/avr8/avr8-gnu-toolchain/bin/../lib/gcc/avr/4.9.2/../../../../avr/lib/avr5\libm.a(mulsf3.o)
 .bss           0x00000000        0x0 c:/program files (x86)/atmel/studio/7.0/toolchain/avr8/avr8-gnu-toolchain/bin/../lib/gcc/avr/4.9.2/../../../../avr/lib/avr5\libm.a(mulsf3.o)
 .text.avr-libc.fplib
                0x00000000        0x8 c:/program files (x86)/atmel/studio/7.0/toolchain/avr8/avr8-gnu-toolchain/bin/../lib/gcc/avr/4.9.2/../../../../avr/lib/avr5\libm.a(mulsf3.o)
 .text          0x00000000        0x0 c:/program files (x86)/atmel/studio/7.0/toolchain/avr8/avr8-gnu-toolchain/bin/../lib/gcc/avr/4.9.2/../../../../avr/lib/avr5\libm.a(mulsf3x.o)
 .data          0x00000000        0x0 c:/program files (x86)/atmel/studio/7.0/toolchain/avr8/avr8-gnu-toolchain/bin/../lib/gcc/avr/4.9.2/../../../../avr/lib/avr5\libm.a(mulsf3x.o)
 .bss           0x00000000        0x0 c:/program files (x86)/atmel/studio/7.0/toolchain/avr8/avr8-gnu-toolchain/bin/../lib/gcc/avr/4.9.2/../../../../avr/lib/avr5\libm.a(mulsf3x.o)
 .text.avr-libc.fplib
                0x00000000       0xd2 c:/program files (x86)/atmel/studio/7.0/toolchain/avr8/avr8-gnu-toolchain/bin/../lib/gcc/avr/4.9.2/../../../../avr/lib/avr5\libm.a(mulsf3x.o)
 .text          0x00000000        0x0 c:/program files (x86)/atmel/studio/7.0/toolchain/avr8/avr8-gnu-toolchain/bin/../lib/gcc/avr/4.9.2/../../../../avr/lib/avr5\libm.a(unordsf2.o)
 .data          0x00000000        0x0 c:/program files (x86)/atmel/studio/7.0/toolchain/avr8/avr8-gnu-toolchain/bin/../lib/gcc/avr/4.9.2/../../../../avr/lib/avr5\libm.a(unordsf2.o)
 .bss           0x00000000        0x0 c:/program files (x86)/atmel/studio/7.0/toolchain/avr8/avr8-gnu-toolchain/bin/../lib/gcc/avr/4.9.2/../../../../avr/lib/avr5\libm.a(unordsf2.o)
 .text.avr-libc.fplib
                0x00000000        0xa c:/program files (x86)/atmel/studio/7.0/toolchain/avr8/avr8-gnu-toolchain/bin/../lib/gcc/avr/4.9.2/../../../../avr/lib/avr5\libm.a(unordsf2.o)
 .text          0x00000000        0x0 c:/program files (x86)/atmel/studio/7.0/toolchain/avr8/avr8-gnu-toolchain/bin/../lib/gcc/avr/4.9.2/avr5\libgcc.a(_divmodhi4.o)
 .data          0x00000000        0x0 c:/program files (x86)/atmel/studio/7.0/toolchain/avr8/avr8-gnu-toolchain/bin/../lib/gcc/avr/4.9.2/avr5\libgcc.a(_divmodhi4.o)
 .bss           0x00000000        0x0 c:/program files (x86)/atmel/studio/7.0/toolchain/avr8/avr8-gnu-toolchain/bin/../lib/gcc/avr/4.9.2/avr5\libgcc.a(_divmodhi4.o)
 .text.libgcc.mul
                0x00000000        0x0 c:/program files (x86)/atmel/studio/7.0/toolchain/avr8/avr8-gnu-toolchain/bin/../lib/gcc/avr/4.9.2/avr5\libgcc.a(_divmodhi4.o)
 .text.libgcc   0x00000000        0x0 c:/program files (x86)/atmel/studio/7.0/toolchain/avr8/avr8-gnu-toolchain/bin/../lib/gcc/avr/4.9.2/avr5\libgcc.a(_divmodhi4.o)
 .text.libgcc.prologue
                0x00000000        0x0 c:/program files (x86)/atmel/studio/7.0/toolchain/avr8/avr8-gnu-toolchain/bin/../lib/gcc/avr/4.9.2/avr5\libgcc.a(_divmodhi4.o)
 .text.libgcc.builtins
                0x00000000        0x0 c:/program files (x86)/atmel/studio/7.0/toolchain/avr8/avr8-gnu-toolchain/bin/../lib/gcc/avr/4.9.2/avr5\libgcc.a(_divmodhi4.o)
 .text.libgcc.fmul
                0x00000000        0x0 c:/program files (x86)/atmel/studio/7.0/toolchain/avr8/avr8-gnu-toolchain/bin/../lib/gcc/avr/4.9.2/avr5\libgcc.a(_divmodhi4.o)
 .text.libgcc.fixed
                0x00000000        0x0 c:/program files (x86)/atmel/studio/7.0/toolchain/avr8/avr8-gnu-toolchain/bin/../lib/gcc/avr/4.9.2/avr5\libgcc.a(_divmodhi4.o)
 .text          0x00000000        0x0 c:/program files (x86)/atmel/studio/7.0/toolchain/avr8/avr8-gnu-toolchain/bin/../lib/gcc/avr/4.9.2/avr5\libgcc.a(_udivmodsi4.o)
 .data          0x00000000        0x0 c:/program files (x86)/atmel/studio/7.0/toolchain/avr8/avr8-gnu-toolchain/bin/../lib/gcc/avr/4.9.2/avr5\libgcc.a(_udivmodsi4.o)
 .bss           0x00000000        0x0 c:/program files (x86)/atmel/studio/7.0/toolchain/avr8/avr8-gnu-toolchain/bin/../lib/gcc/avr/4.9.2/avr5\libgcc.a(_udivmodsi4.o)
 .text.libgcc.mul
                0x00000000        0x0 c:/program files (x86)/atmel/studio/7.0/toolchain/avr8/avr8-gnu-toolchain/bin/../lib/gcc/avr/4.9.2/avr5\libgcc.a(_udivmodsi4.o)
 .text.libgcc   0x00000000        0x0 c:/program files (x86)/atmel/studio/7.0/toolchain/avr8/avr8-gnu-toolchain/bin/../lib/gcc/avr/4.9.2/avr5\libgcc.a(_udivmodsi4.o)
 .text.libgcc.prologue
                0x00000000        0x0 c:/program files (x86)/atmel/studio/7.0/toolchain/avr8/avr8-gnu-toolchain/bin/../lib/gcc/avr/4.9.2/avr5\libgcc.a(_udivmodsi4.o)
 .text.libgcc.builtins
                0x00000000        0x0 c:/program files (x86)/atmel/studio/7.0/toolchain/avr8/avr8-gnu-toolchain/bin/../lib/gcc/avr/4.9.2/avr5\libgcc.a(_udivmodsi4.o)
 .text.libgcc.fmul
                0x00000000        0x0 c:/program files (x86)/atmel/studio/7.0/toolchain/avr8/avr8-gnu-toolchain/bin/../lib/gcc/avr/4.9.2/avr5\libgcc.a(_udivmodsi4.o)
 .text.libgcc.fixed
                0x00000000        0x0 c:/program files (x86)/atmel/studio/7.0/toolchain/avr8/avr8-gnu-toolchain/bin/../lib/gcc/avr/4.9.2/avr5\libgcc.a(_udivmodsi4.o)
 .text          0x00000000        0x0 c:/program files (x86)/atmel/studio/7.0/toolchain/avr8/avr8-gnu-toolchain/bin/../lib/gcc/avr/4.9.2/avr5\libgcc.a(_exit.o)
 .data          0x00000000        0x0 c:/program files (x86)/atmel/studio/7.0/toolchain/avr8/avr8-gnu-toolchain/bin/../lib/gcc/avr/4.9.2/avr5\libgcc.a(_exit.o)
 .bss           0x00000000        0x0 c:/program files (x86)/atmel/studio/7.0/toolchain/avr8/avr8-gnu-toolchain/bin/../lib/gcc/avr/4.9.2/avr5\libgcc.a(_exit.o)
 .text.libgcc.mul
                0x00000000        0x0 c:/program files (x86)/atmel/studio/7.0/toolchain/avr8/avr8-gnu-toolchain/bin/../lib/gcc/avr/4.9.2/avr5\libgcc.a(_exit.o)
 .text.libgcc.div
                0x00000000        0x0 c:/program files (x86)/atmel/studio/7.0/toolchain/avr8/avr8-gnu-toolchain/bin/../lib/gcc/avr/4.9.2/avr5\libgcc.a(_exit.o)
 .text.libgcc   0x00000000        0x0 c:/program files (x86)/atmel/studio/7.0/toolchain/avr8/avr8-gnu-toolchain/bin/../lib/gcc/avr/4.9.2/avr5\libgcc.a(_exit.o)
 .text.libgcc.prologue
                0x00000000        0x0 c:/program files (x86)/atmel/studio/7.0/toolchain/avr8/avr8-gnu-toolchain/bin/../lib/gcc/avr/4.9.2/avr5\libgcc.a(_exit.o)
 .text.libgcc.builtins
                0x00000000        0x0 c:/program files (x86)/atmel/studio/7.0/toolchain/avr8/avr8-gnu-toolchain/bin/../lib/gcc/avr/4.9.2/avr5\libgcc.a(_exit.o)
 .text.libgcc.fmul
                0x00000000        0x0 c:/program files (x86)/atmel/studio/7.0/toolchain/avr8/avr8-gnu-toolchain/bin/../lib/gcc/avr/4.9.2/avr5\libgcc.a(_exit.o)
 .text.libgcc.fixed
                0x00000000        0x0 c:/program files (x86)/atmel/studio/7.0/toolchain/avr8/avr8-gnu-toolchain/bin/../lib/gcc/avr/4.9.2/avr5\libgcc.a(_exit.o)
 .text          0x00000000        0x0 c:/program files (x86)/atmel/studio/7.0/toolchain/avr8/avr8-gnu-toolchain/bin/../lib/gcc/avr/4.9.2/avr5\libgcc.a(_copy_data.o)
 .data          0x00000000        0x0 c:/program files (x86)/atmel/studio/7.0/toolchain/avr8/avr8-gnu-toolchain/bin/../lib/gcc/avr/4.9.2/avr5\libgcc.a(_copy_data.o)
 .bss           0x00000000        0x0 c:/program files (x86)/atmel/studio/7.0/toolchain/avr8/avr8-gnu-toolchain/bin/../lib/gcc/avr/4.9.2/avr5\libgcc.a(_copy_data.o)
 .text.libgcc.mul
                0x00000000        0x0 c:/program files (x86)/atmel/studio/7.0/toolchain/avr8/avr8-gnu-toolchain/bin/../lib/gcc/avr/4.9.2/avr5\libgcc.a(_copy_data.o)
 .text.libgcc.div
                0x00000000        0x0 c:/program files (x86)/atmel/studio/7.0/toolchain/avr8/avr8-gnu-toolchain/bin/../lib/gcc/avr/4.9.2/avr5\libgcc.a(_copy_data.o)
 .text.libgcc   0x00000000        0x0 c:/program files (x86)/atmel/studio/7.0/toolchain/avr8/avr8-gnu-toolchain/bin/../lib/gcc/avr/4.9.2/avr5\libgcc.a(_copy_data.o)
 .text.libgcc.prologue
                0x00000000        0x0 c:/program files (x86)/atmel/studio/7.0/toolchain/avr8/avr8-gnu-toolchain/bin/../lib/gcc/avr/4.9.2/avr5\libgcc.a(_copy_data.o)
 .text.libgcc.builtins
                0x00000000        0x0 c:/program files (x86)/atmel/studio/7.0/toolchain/avr8/avr8-gnu-toolchain/bin/../lib/gcc/avr/4.9.2/avr5\libgcc.a(_copy_data.o)
 .text.libgcc.fmul
                0x00000000        0x0 c:/program files (x86)/atmel/studio/7.0/toolchain/avr8/avr8-gnu-toolchain/bin/../lib/gcc/avr/4.9.2/avr5\libgcc.a(_copy_data.o)
 .text.libgcc.fixed
                0x00000000        0x0 c:/program files (x86)/atmel/studio/7.0/toolchain/avr8/avr8-gnu-toolchain/bin/../lib/gcc/avr/4.9.2/avr5\libgcc.a(_copy_data.o)
 .text          0x00000000        0x0 c:/program files (x86)/atmel/studio/7.0/toolchain/avr8/avr8-gnu-toolchain/bin/../lib/gcc/avr/4.9.2/avr5\libgcc.a(_clear_bss.o)
 .data          0x00000000        0x0 c:/program files (x86)/atmel/studio/7.0/toolchain/avr8/avr8-gnu-toolchain/bin/../lib/gcc/avr/4.9.2/avr5\libgcc.a(_clear_bss.o)
 .bss           0x00000000        0x0 c:/program files (x86)/atmel/studio/7.0/toolchain/avr8/avr8-gnu-toolchain/bin/../lib/gcc/avr/4.9.2/avr5\libgcc.a(_clear_bss.o)
 .text.libgcc.mul
                0x00000000        0x0 c:/program files (x86)/atmel/studio/7.0/toolchain/avr8/avr8-gnu-toolchain/bin/../lib/gcc/avr/4.9.2/avr5\libgcc.a(_clear_bss.o)
 .text.libgcc.div
                0x00000000        0x0 c:/program files (x86)/atmel/studio/7.0/toolchain/avr8/avr8-gnu-toolchain/bin/../lib/gcc/avr/4.9.2/avr5\libgcc.a(_clear_bss.o)
 .text.libgcc   0x00000000        0x0 c:/program files (x86)/atmel/studio/7.0/toolchain/avr8/avr8-gnu-toolchain/bin/../lib/gcc/avr/4.9.2/avr5\libgcc.a(_clear_bss.o)
 .text.libgcc.prologue
                0x00000000        0x0 c:/program files (x86)/atmel/studio/7.0/toolchain/avr8/avr8-gnu-toolchain/bin/../lib/gcc/avr/4.9.2/avr5\libgcc.a(_clear_bss.o)
 .text.libgcc.builtins
                0x00000000        0x0 c:/program files (x86)/atmel/studio/7.0/toolchain/avr8/avr8-gnu-toolchain/bin/../lib/gcc/avr/4.9.2/avr5\libgcc.a(_clear_bss.o)
 .text.libgcc.fmul
                0x00000000        0x0 c:/program files (x86)/atmel/studio/7.0/toolchain/avr8/avr8-gnu-toolchain/bin/../lib/gcc/avr/4.9.2/avr5\libgcc.a(_clear_bss.o)
 .text.libgcc.fixed
                0x00000000        0x0 c:/program files (x86)/atmel/studio/7.0/toolchain/avr8/avr8-gnu-toolchain/bin/../lib/gcc/avr/4.9.2/avr5\libgcc.a(_clear_bss.o)
 .text          0x00000000        0x0 c:/program files (x86)/atmel/studio/7.0/toolchain/avr8/avr8-gnu-toolchain/bin/../lib/gcc/avr/4.9.2/avr5\libgcc.a(_ctors.o)
 .data          0x00000000        0x0 c:/program files (x86)/atmel/studio/7.0/toolchain/avr8/avr8-gnu-toolchain/bin/../lib/gcc/avr/4.9.2/avr5\libgcc.a(_ctors.o)
 .bss           0x00000000        0x0 c:/program files (x86)/atmel/studio/7.0/toolchain/avr8/avr8-gnu-toolchain/bin/../lib/gcc/avr/4.9.2/avr5\libgcc.a(_ctors.o)
 .text.libgcc.mul
                0x00000000        0x0 c:/program files (x86)/atmel/studio/7.0/toolchain/avr8/avr8-gnu-toolchain/bin/../lib/gcc/avr/4.9.2/avr5\libgcc.a(_ctors.o)
 .text.libgcc.div
                0x00000000        0x0 c:/program files (x86)/atmel/studio/7.0/toolchain/avr8/avr8-gnu-toolchain/bin/../lib/gcc/avr/4.9.2/avr5\libgcc.a(_ctors.o)
 .text.libgcc   0x00000000        0x0 c:/program files (x86)/atmel/studio/7.0/toolchain/avr8/avr8-gnu-toolchain/bin/../lib/gcc/avr/4.9.2/avr5\libgcc.a(_ctors.o)
 .text.libgcc.prologue
                0x00000000        0x0 c:/program files (x86)/atmel/studio/7.0/toolchain/avr8/avr8-gnu-toolchain/bin/../lib/gcc/avr/4.9.2/avr5\libgcc.a(_ctors.o)
 .text.libgcc.builtins
                0x00000000        0x0 c:/program files (x86)/atmel/studio/7.0/toolchain/avr8/avr8-gnu-toolchain/bin/../lib/gcc/avr/4.9.2/avr5\libgcc.a(_ctors.o)
 .text.libgcc.fmul
                0x00000000        0x0 c:/program files (x86)/atmel/studio/7.0/toolchain/avr8/avr8-gnu-toolchain/bin/../lib/gcc/avr/4.9.2/avr5\libgcc.a(_ctors.o)
 .text.libgcc.fixed
                0x00000000        0x0 c:/program files (x86)/atmel/studio/7.0/toolchain/avr8/avr8-gnu-toolchain/bin/../lib/gcc/avr/4.9.2/avr5\libgcc.a(_ctors.o)
 .text          0x00000000        0x0 c:/program files (x86)/atmel/studio/7.0/toolchain/avr8/avr8-gnu-toolchain/bin/../lib/gcc/avr/4.9.2/avr5\libgcc.a(_udivmodhi4.o)
 .data          0x00000000        0x0 c:/program files (x86)/atmel/studio/7.0/toolchain/avr8/avr8-gnu-toolchain/bin/../lib/gcc/avr/4.9.2/avr5\libgcc.a(_udivmodhi4.o)
 .bss           0x00000000        0x0 c:/program files (x86)/atmel/studio/7.0/toolchain/avr8/avr8-gnu-toolchain/bin/../lib/gcc/avr/4.9.2/avr5\libgcc.a(_udivmodhi4.o)
 .text.libgcc.mul
                0x00000000        0x0 c:/program files (x86)/atmel/studio/7.0/toolchain/avr8/avr8-gnu-toolchain/bin/../lib/gcc/avr/4.9.2/avr5\libgcc.a(_udivmodhi4.o)
 .text.libgcc   0x00000000        0x0 c:/program files (x86)/atmel/studio/7.0/toolchain/avr8/avr8-gnu-toolchain/bin/../lib/gcc/avr/4.9.2/avr5\libgcc.a(_udivmodhi4.o)
 .text.libgcc.prologue
                0x00000000        0x0 c:/program files (x86)/atmel/studio/7.0/toolchain/avr8/avr8-gnu-toolchain/bin/../lib/gcc/avr/4.9.2/avr5\libgcc.a(_udivmodhi4.o)
 .text.libgcc.builtins
                0x00000000        0x0 c:/program files (x86)/atmel/studio/7.0/toolchain/avr8/avr8-gnu-toolchain/bin/../lib/gcc/avr/4.9.2/avr5\libgcc.a(_udivmodhi4.o)
 .text.libgcc.fmul
                0x00000000        0x0 c:/program files (x86)/atmel/studio/7.0/toolchain/avr8/avr8-gnu-toolchain/bin/../lib/gcc/avr/4.9.2/avr5\libgcc.a(_udivmodhi4.o)
 .text.libgcc.fixed
                0x00000000        0x0 c:/program files (x86)/atmel/studio/7.0/toolchain/avr8/avr8-gnu-toolchain/bin/../lib/gcc/avr/4.9.2/avr5\libgcc.a(_udivmodhi4.o)
 .text          0x00000000        0x0 c:/program files (x86)/atmel/studio/7.0/toolchain/avr8/avr8-gnu-toolchain/bin/../lib/gcc/avr/4.9.2/avr5\libgcc.a(_tablejump2.o)
 .data          0x00000000        0x0 c:/program files (x86)/atmel/studio/7.0/toolchain/avr8/avr8-gnu-toolchain/bin/../lib/gcc/avr/4.9.2/avr5\libgcc.a(_tablejump2.o)
 .bss           0x00000000        0x0 c:/program files (x86)/atmel/studio/7.0/toolchain/avr8/avr8-gnu-toolchain/bin/../lib/gcc/avr/4.9.2/avr5\libgcc.a(_tablejump2.o)
 .text.libgcc.mul
                0x00000000        0x0 c:/program files (x86)/atmel/studio/7.0/toolchain/avr8/avr8-gnu-toolchain/bin/../lib/gcc/avr/4.9.2/avr5\libgcc.a(_tablejump2.o)
 .text.libgcc.div
                0x00000000        0x0 c:/program files (x86)/atmel/studio/7.0/toolchain/avr8/avr8-gnu-toolchain/bin/../lib/gcc/avr/4.9.2/avr5\libgcc.a(_tablejump2.o)
 .text.libgcc.prologue
                0x00000000        0x0 c:/program files (x86)/atmel/studio/7.0/toolchain/avr8/avr8-gnu-toolchain/bin/../lib/gcc/avr/4.9.2/avr5\libgcc.a(_tablejump2.o)
 .text.libgcc.builtins
                0x00000000        0x0 c:/program files (x86)/atmel/studio/7.0/toolchain/avr8/avr8-gnu-toolchain/bin/../lib/gcc/avr/4.9.2/avr5\libgcc.a(_tablejump2.o)
 .text.libgcc.fmul
                0x00000000        0x0 c:/program files (x86)/atmel/studio/7.0/toolchain/avr8/avr8-gnu-toolchain/bin/../lib/gcc/avr/4.9.2/avr5\libgcc.a(_tablejump2.o)
 .text.libgcc.fixed
                0x00000000        0x0 c:/program files (x86)/atmel/studio/7.0/toolchain/avr8/avr8-gnu-toolchain/bin/../lib/gcc/avr/4.9.2/avr5\libgcc.a(_tablejump2.o)
 .text          0x00000000        0x0 c:/program files (x86)/atmel/studio/7.0/toolchain/avr8/avr8-gnu-toolchain/bin/../lib/gcc/avr/4.9.2/../../../../avr/lib/avr5\libc.a(abort.o)
 .data          0x00000000        0x0 c:/program files (x86)/atmel/studio/7.0/toolchain/avr8/avr8-gnu-toolchain/bin/../lib/gcc/avr/4.9.2/../../../../avr/lib/avr5\libc.a(abort.o)
 .bss           0x00000000        0x0 c:/program files (x86)/atmel/studio/7.0/toolchain/avr8/avr8-gnu-toolchain/bin/../lib/gcc/avr/4.9.2/../../../../avr/lib/avr5\libc.a(abort.o)
 .text.avr-libc
                0x00000000        0xa c:/program files (x86)/atmel/studio/7.0/toolchain/avr8/avr8-gnu-toolchain/bin/../lib/gcc/avr/4.9.2/../../../../avr/lib/avr5\libc.a(abort.o)

Memory Configuration

Name             Origin             Length             Attributes
text             0x00000000         0x00020000         xr
data             0x00800060         0x0000ffa0         rw !x
eeprom           0x00810000         0x00010000         rw !x
fuse             0x00820000         0x00000400         rw !x
lock             0x00830000         0x00000400         rw !x
signature        0x00840000         0x00000400         rw !x
user_signatures  0x00850000         0x00000400         rw !x
*default*        0x00000000         0xffffffff

Linker script and memory map

Address of section .data set to 0x800100
LOAD C:/Program Files (x86)/Atmel/Studio/7.0/Packs/atmel/ATmega_DFP/1.0.98/gcc/dev/atmega328p/avr5/crtatmega328p.o
LOAD main.o
LOAD rgbUtil.o
LOAD tmr_int_util.o
START GROUP
LOAD c:/program files (x86)/atmel/studio/7.0/toolchain/avr8/avr8-gnu-toolchain/bin/../lib/gcc/avr/4.9.2/../../../../avr/lib/avr5\libm.a
LOAD C:\Users\mytch\Desktop\CPE329~3\CPE329~1\CPE329~1\ARDUIN~1\Debug\libArduinoCore.a
END GROUP
LOAD c:/program files (x86)/atmel/studio/7.0/toolchain/avr8/avr8-gnu-toolchain/bin/../lib/gcc/avr/4.9.2/avr5\libgcc.a
LOAD c:/program files (x86)/atmel/studio/7.0/toolchain/avr8/avr8-gnu-toolchain/bin/../lib/gcc/avr/4.9.2/../../../../avr/lib/avr5\libm.a
START GROUP
LOAD c:/program files (x86)/atmel/studio/7.0/toolchain/avr8/avr8-gnu-toolchain/bin/../lib/gcc/avr/4.9.2/avr5\libgcc.a
LOAD c:/program files (x86)/atmel/studio/7.0/toolchain/avr8/avr8-gnu-toolchain/bin/../lib/gcc/avr/4.9.2/../../../../avr/lib/avr5\libm.a
LOAD c:/program files (x86)/atmel/studio/7.0/toolchain/avr8/avr8-gnu-toolchain/bin/../lib/gcc/avr/4.9.2/../../../../avr/lib/avr5\libc.a
LOAD C:/Program Files (x86)/Atmel/Studio/7.0/Packs/atmel/ATmega_DFP/1.0.98/gcc/dev/atmega328p/avr5\libatmega328p.a
END GROUP

.hash
 *(.hash)

.dynsym
 *(.dynsym)

.dynstr
 *(.dynstr)

.gnu.version
 *(.gnu.version)

.gnu.version_d
 *(.gnu.version_d)

.gnu.version_r
 *(.gnu.version_r)

.rel.init
 *(.rel.init)

.rela.init
 *(.rela.init)

.rel.text
 *(.rel.text)
 *(.rel.text.*)
 *(.rel.gnu.linkonce.t*)

.rela.text
 *(.rela.text)
 *(.rela.text.*)
 *(.rela.gnu.linkonce.t*)

.rel.fini
 *(.rel.fini)

.rela.fini
 *(.rela.fini)

.rel.rodata
 *(.rel.rodata)
 *(.rel.rodata.*)
 *(.rel.gnu.linkonce.r*)

.rela.rodata
 *(.rela.rodata)
 *(.rela.rodata.*)
 *(.rela.gnu.linkonce.r*)

.rel.data
 *(.rel.data)
 *(.rel.data.*)
 *(.rel.gnu.linkonce.d*)

.rela.data
 *(.rela.data)
 *(.rela.data.*)
 *(.rela.gnu.linkonce.d*)

.rel.ctors
 *(.rel.ctors)

.rela.ctors
 *(.rela.ctors)

.rel.dtors
 *(.rel.dtors)

.rela.dtors
 *(.rela.dtors)

.rel.got
 *(.rel.got)

.rela.got
 *(.rela.got)

.rel.bss
 *(.rel.bss)

.rela.bss
 *(.rela.bss)

.rel.plt
 *(.rel.plt)

.rela.plt
 *(.rela.plt)

.text           0x00000000      0xb84
 *(.vectors)
 .vectors       0x00000000       0x68 C:/Program Files (x86)/Atmel/Studio/7.0/Packs/atmel/ATmega_DFP/1.0.98/gcc/dev/atmega328p/avr5/crtatmega328p.o
                0x00000000                __vector_default
                0x00000000                __vectors
 *(.vectors)
 *(.progmem.gcc*)
                0x00000068                . = ALIGN (0x2)
                0x00000068                __trampolines_start = .
 *(.trampolines)
 .trampolines   0x00000068        0x0 linker stubs
 *(.trampolines*)
                0x00000068                __trampolines_end = .
 *(.progmem*)
                0x00000068                . = ALIGN (0x2)
 *(.jumptables)
 *(.jumptables*)
 *(.lowtext)
 *(.lowtext*)
                0x00000068                __ctors_start = .
 *(.ctors)
 .ctors         0x00000068        0x2 C:\Users\mytch\Desktop\CPE329~3\CPE329~1\CPE329~1\ARDUIN~1\Debug\libArduinoCore.a(HardwareSerial0.o)
                0x0000006a                __ctors_end = .
                0x0000006a                __dtors_start = .
 *(.dtors)
                0x0000006a                __dtors_end = .
 SORT(*)(.ctors)
 SORT(*)(.dtors)
 *(.init0)
 .init0         0x0000006a        0x0 C:/Program Files (x86)/Atmel/Studio/7.0/Packs/atmel/ATmega_DFP/1.0.98/gcc/dev/atmega328p/avr5/crtatmega328p.o
                0x0000006a                __init
 *(.init0)
 *(.init1)
 *(.init1)
 *(.init2)
 .init2         0x0000006a        0xc C:/Program Files (x86)/Atmel/Studio/7.0/Packs/atmel/ATmega_DFP/1.0.98/gcc/dev/atmega328p/avr5/crtatmega328p.o
 *(.init2)
 *(.init3)
 *(.init3)
 *(.init4)
 .init4         0x00000076       0x16 c:/program files (x86)/atmel/studio/7.0/toolchain/avr8/avr8-gnu-toolchain/bin/../lib/gcc/avr/4.9.2/avr5\libgcc.a(_copy_data.o)
                0x00000076                __do_copy_data
 .init4         0x0000008c       0x10 c:/program files (x86)/atmel/studio/7.0/toolchain/avr8/avr8-gnu-toolchain/bin/../lib/gcc/avr/4.9.2/avr5\libgcc.a(_clear_bss.o)
                0x0000008c                __do_clear_bss
 *(.init4)
 *(.init5)
 *(.init5)
 *(.init6)
 .init6         0x0000009c       0x16 c:/program files (x86)/atmel/studio/7.0/toolchain/avr8/avr8-gnu-toolchain/bin/../lib/gcc/avr/4.9.2/avr5\libgcc.a(_ctors.o)
                0x0000009c                __do_global_ctors
 *(.init6)
 *(.init7)
 *(.init7)
 *(.init8)
 *(.init8)
 *(.init9)
 .init9         0x000000b2        0x8 C:/Program Files (x86)/Atmel/Studio/7.0/Packs/atmel/ATmega_DFP/1.0.98/gcc/dev/atmega328p/avr5/crtatmega328p.o
 *(.init9)
 *(.text)
 .text          0x000000ba        0x4 C:/Program Files (x86)/Atmel/Studio/7.0/Packs/atmel/ATmega_DFP/1.0.98/gcc/dev/atmega328p/avr5/crtatmega328p.o
                0x000000ba                __vector_22
                0x000000ba                __vector_1
                0x000000ba                __vector_24
                0x000000ba                __vector_12
                0x000000ba                __bad_interrupt
                0x000000ba                __vector_6
                0x000000ba                __vector_23
                0x000000ba                __vector_25
                0x000000ba                __vector_11
                0x000000ba                __vector_17
                0x000000ba                __vector_7
                0x000000ba                __vector_9
                0x000000ba                __vector_2
                0x000000ba                __vector_21
                0x000000ba                __vector_15
                0x000000ba                __vector_8
                0x000000ba                __vector_14
                0x000000ba                __vector_10
                0x000000ba                __vector_20
                0x000000be                . = ALIGN (0x2)
 *(.text.*)
 .text.startup.main
                0x000000be       0xaa main.o
                0x000000be                main
 .text.__vector_3
                0x00000168       0x14 main.o
                0x00000168                __vector_3
 .text.__vector_4
                0x0000017c       0x14 main.o
                0x0000017c                __vector_4
 .text.__vector_5
                0x00000190       0x14 main.o
                0x00000190                __vector_5
 .text._Z10setAllLEDsiii
                0x000001a4       0x32 rgbUtil.o
                0x000001a4                _Z10setAllLEDsiii
 .text._Z12setBottomLEDi
                0x000001d6        0xa rgbUtil.o
                0x000001d6                _Z12setBottomLEDi
 .text._Z15setAmbientColoriii
                0x000001e0       0x12 rgbUtil.o
                0x000001e0                _Z15setAmbientColoriii
 .text._Z7nextLEDv
                0x000001f2       0x90 rgbUtil.o
                0x000001f2                _Z7nextLEDv
 .text._ZN14HardwareSerial9availableEv
                0x00000282       0x18 C:\Users\mytch\Desktop\CPE329~3\CPE329~1\CPE329~1\ARDUIN~1\Debug\libArduinoCore.a(HardwareSerial.o)
                0x00000282                _ZN14HardwareSerial9availableEv
 .text._ZN14HardwareSerial4peekEv
                0x0000029a       0x1c C:\Users\mytch\Desktop\CPE329~3\CPE329~1\CPE329~1\ARDUIN~1\Debug\libArduinoCore.a(HardwareSerial.o)
                0x0000029a                _ZN14HardwareSerial4peekEv
 .text._ZN14HardwareSerial4readEv
                0x000002b6       0x28 C:\Users\mytch\Desktop\CPE329~3\CPE329~1\CPE329~1\ARDUIN~1\Debug\libArduinoCore.a(HardwareSerial.o)
                0x000002b6                _ZN14HardwareSerial4readEv
 .text._ZN14HardwareSerial17_tx_udr_empty_irqEv
                0x000002de       0x42 C:\Users\mytch\Desktop\CPE329~3\CPE329~1\CPE329~1\ARDUIN~1\Debug\libArduinoCore.a(HardwareSerial.o)
                0x000002de                _ZN14HardwareSerial17_tx_udr_empty_irqEv
 .text._ZN14HardwareSerial5flushEv
                0x00000320       0x44 C:\Users\mytch\Desktop\CPE329~3\CPE329~1\CPE329~1\ARDUIN~1\Debug\libArduinoCore.a(HardwareSerial.o)
                0x00000320                _ZN14HardwareSerial5flushEv
 .text._ZN14HardwareSerial5writeEh
                0x00000364       0x8e C:\Users\mytch\Desktop\CPE329~3\CPE329~1\CPE329~1\ARDUIN~1\Debug\libArduinoCore.a(HardwareSerial.o)
                0x00000364                _ZN14HardwareSerial5writeEh
 .text._ZN14HardwareSerial5beginEmh
                0x000003f2       0xca C:\Users\mytch\Desktop\CPE329~3\CPE329~1\CPE329~1\ARDUIN~1\Debug\libArduinoCore.a(HardwareSerial.o)
                0x000003f2                _ZN14HardwareSerial5beginEmh
 .text.__vector_18
                0x000004bc       0x64 C:\Users\mytch\Desktop\CPE329~3\CPE329~1\CPE329~1\ARDUIN~1\Debug\libArduinoCore.a(HardwareSerial0.o)
                0x000004bc                __vector_18
 .text.__vector_19
                0x00000520       0x4c C:\Users\mytch\Desktop\CPE329~3\CPE329~1\CPE329~1\ARDUIN~1\Debug\libArduinoCore.a(HardwareSerial0.o)
                0x00000520                __vector_19
 .text.startup._GLOBAL__sub_I___vector_18
                0x0000056c       0x5a C:\Users\mytch\Desktop\CPE329~3\CPE329~1\CPE329~1\ARDUIN~1\Debug\libArduinoCore.a(HardwareSerial0.o)
 .text._ZN5Print5writeEPKhj
                0x000005c6       0x50 C:\Users\mytch\Desktop\CPE329~3\CPE329~1\CPE329~1\ARDUIN~1\Debug\libArduinoCore.a(Print.o)
                0x000005c6                _ZN5Print5writeEPKhj
 .text._ZN5Print5writeEPKc
                0x00000616       0x2a C:\Users\mytch\Desktop\CPE329~3\CPE329~1\CPE329~1\ARDUIN~1\Debug\libArduinoCore.a(Print.o)
                0x00000616                _ZN5Print5writeEPKc
 .text._ZN5Print5printEc
                0x00000640        0xe C:\Users\mytch\Desktop\CPE329~3\CPE329~1\CPE329~1\ARDUIN~1\Debug\libArduinoCore.a(Print.o)
                0x00000640                _ZN5Print5printEc
 .text._ZN5Print7printlnEv
                0x0000064e        0x8 C:\Users\mytch\Desktop\CPE329~3\CPE329~1\CPE329~1\ARDUIN~1\Debug\libArduinoCore.a(Print.o)
                0x0000064e                _ZN5Print7printlnEv
 .text._ZN5Print11printNumberEmh
                0x00000656       0xac C:\Users\mytch\Desktop\CPE329~3\CPE329~1\CPE329~1\ARDUIN~1\Debug\libArduinoCore.a(Print.o)
                0x00000656                _ZN5Print11printNumberEmh
 .text._ZN5Print5printEli
                0x00000702       0x94 C:\Users\mytch\Desktop\CPE329~3\CPE329~1\CPE329~1\ARDUIN~1\Debug\libArduinoCore.a(Print.o)
                0x00000702                _ZN5Print5printEli
 .text._ZN5Print7printlnEii
                0x00000796       0x2e C:\Users\mytch\Desktop\CPE329~3\CPE329~1\CPE329~1\ARDUIN~1\Debug\libArduinoCore.a(Print.o)
                0x00000796                _ZN5Print7printlnEii
 .text.__vector_16
                0x000007c4       0x94 C:\Users\mytch\Desktop\CPE329~3\CPE329~1\CPE329~1\ARDUIN~1\Debug\libArduinoCore.a(wiring.o)
                0x000007c4                __vector_16
 .text.init     0x00000858       0x76 C:\Users\mytch\Desktop\CPE329~3\CPE329~1\CPE329~1\ARDUIN~1\Debug\libArduinoCore.a(wiring.o)
                0x00000858                init
 .text.__vector_13
                0x000008ce       0x6a C:\Users\mytch\Desktop\CPE329~3\CPE329~1\CPE329~1\ARDUIN~1\Debug\libArduinoCore.a(SparkFun_Tlc5940.o)
                0x000008ce                __vector_13
 .text._ZN7Tlc59403setEhj
                0x00000938       0x3e C:\Users\mytch\Desktop\CPE329~3\CPE329~1\CPE329~1\ARDUIN~1\Debug\libArduinoCore.a(SparkFun_Tlc5940.o)
                0x00000938                _ZN7Tlc59403setEhj
 .text._ZN7Tlc59406setAllEj
                0x00000976       0x32 C:\Users\mytch\Desktop\CPE329~3\CPE329~1\CPE329~1\ARDUIN~1\Debug\libArduinoCore.a(SparkFun_Tlc5940.o)
                0x00000976                _ZN7Tlc59406setAllEj
 .text._ZN7Tlc59405clearEv
                0x000009a8        0x8 C:\Users\mytch\Desktop\CPE329~3\CPE329~1\CPE329~1\ARDUIN~1\Debug\libArduinoCore.a(SparkFun_Tlc5940.o)
                0x000009a8                _ZN7Tlc59405clearEv
 .text._Z15tlc_shift8_initv
                0x000009b0       0x12 C:\Users\mytch\Desktop\CPE329~3\CPE329~1\CPE329~1\ARDUIN~1\Debug\libArduinoCore.a(SparkFun_Tlc5940.o)
                0x000009b0                _Z15tlc_shift8_initv
 .text._Z10tlc_shift8h
                0x000009c2        0xa C:\Users\mytch\Desktop\CPE329~3\CPE329~1\CPE329~1\ARDUIN~1\Debug\libArduinoCore.a(SparkFun_Tlc5940.o)
                0x000009c2                _Z10tlc_shift8h
 .text._ZN7Tlc59406updateEv
                0x000009cc       0x6c C:\Users\mytch\Desktop\CPE329~3\CPE329~1\CPE329~1\ARDUIN~1\Debug\libArduinoCore.a(SparkFun_Tlc5940.o)
                0x000009cc                _ZN7Tlc59406updateEv
 .text._ZN7Tlc59404initEj
                0x00000a38       0xa8 C:\Users\mytch\Desktop\CPE329~3\CPE329~1\CPE329~1\ARDUIN~1\Debug\libArduinoCore.a(SparkFun_Tlc5940.o)
                0x00000a38                _ZN7Tlc59404initEj
 .text.libgcc.div
                0x00000ae0       0x28 c:/program files (x86)/atmel/studio/7.0/toolchain/avr8/avr8-gnu-toolchain/bin/../lib/gcc/avr/4.9.2/avr5\libgcc.a(_divmodhi4.o)
                0x00000ae0                _div
                0x00000ae0                __divmodhi4
 .text.libgcc.div
                0x00000b08       0x44 c:/program files (x86)/atmel/studio/7.0/toolchain/avr8/avr8-gnu-toolchain/bin/../lib/gcc/avr/4.9.2/avr5\libgcc.a(_udivmodsi4.o)
                0x00000b08                __udivmodsi4
 .text.libgcc.div
                0x00000b4c       0x28 c:/program files (x86)/atmel/studio/7.0/toolchain/avr8/avr8-gnu-toolchain/bin/../lib/gcc/avr/4.9.2/avr5\libgcc.a(_udivmodhi4.o)
                0x00000b4c                __udivmodhi4
 .text.libgcc   0x00000b74        0xc c:/program files (x86)/atmel/studio/7.0/toolchain/avr8/avr8-gnu-toolchain/bin/../lib/gcc/avr/4.9.2/avr5\libgcc.a(_tablejump2.o)
                0x00000b74                __tablejump2__
                0x00000b80                . = ALIGN (0x2)
 *(.fini9)
 .fini9         0x00000b80        0x0 c:/program files (x86)/atmel/studio/7.0/toolchain/avr8/avr8-gnu-toolchain/bin/../lib/gcc/avr/4.9.2/avr5\libgcc.a(_exit.o)
                0x00000b80                _exit
                0x00000b80                exit
 *(.fini9)
 *(.fini8)
 *(.fini8)
 *(.fini7)
 *(.fini7)
 *(.fini6)
 *(.fini6)
 *(.fini5)
 *(.fini5)
 *(.fini4)
 *(.fini4)
 *(.fini3)
 *(.fini3)
 *(.fini2)
 *(.fini2)
 *(.fini1)
 *(.fini1)
 *(.fini0)
 .fini0         0x00000b80        0x4 c:/program files (x86)/atmel/studio/7.0/toolchain/avr8/avr8-gnu-toolchain/bin/../lib/gcc/avr/4.9.2/avr5\libgcc.a(_exit.o)
 *(.fini0)
                0x00000b84                _etext = .

.data           0x00800100       0x28 load address 0x00000b84
                0x00800100                PROVIDE (__data_start, .)
 *(.data)
 *(.data*)
 .data.GS       0x00800100        0x2 main.o
                0x00800100                GS
 .data.currentLED
                0x00800102        0x2 rgbUtil.o
                0x00800102                currentLED
 .data.bottomLED
                0x00800104        0x2 rgbUtil.o
                0x00800104                bottomLED
 *(.rodata)
 *(.rodata*)
 .rodata._ZTV14HardwareSerial
                0x00800106       0x10 C:\Users\mytch\Desktop\CPE329~3\CPE329~1\CPE329~1\ARDUIN~1\Debug\libArduinoCore.a(HardwareSerial.o)
                0x00800106                _ZTV14HardwareSerial
 .rodata.str1.1
                0x00800116       0x11 C:\Users\mytch\Desktop\CPE329~3\CPE329~1\CPE329~1\ARDUIN~1\Debug\libArduinoCore.a(Print.o)
 *(.gnu.linkonce.d*)
                0x00800128                . = ALIGN (0x2)
 *fill*         0x00800127        0x1 
                0x00800128                _edata = .
                0x00800128                PROVIDE (__data_end, .)

.bss            0x00800128       0xc9
                0x00800128                PROVIDE (__bss_start, .)
 *(.bss)
 *(.bss*)
 .bss._ZL12ambientColor
                0x00800128        0x6 rgbUtil.o
 .bss.Serial    0x0080012e       0x9d C:\Users\mytch\Desktop\CPE329~3\CPE329~1\CPE329~1\ARDUIN~1\Debug\libArduinoCore.a(HardwareSerial0.o)
                0x0080012e                Serial
 .bss.timer0_fract
                0x008001cb        0x1 C:\Users\mytch\Desktop\CPE329~3\CPE329~1\CPE329~1\ARDUIN~1\Debug\libArduinoCore.a(wiring.o)
 .bss.timer0_millis
                0x008001cc        0x4 C:\Users\mytch\Desktop\CPE329~3\CPE329~1\CPE329~1\ARDUIN~1\Debug\libArduinoCore.a(wiring.o)
                0x008001cc                timer0_millis
 .bss.timer0_overflow_count
                0x008001d0        0x4 C:\Users\mytch\Desktop\CPE329~3\CPE329~1\CPE329~1\ARDUIN~1\Debug\libArduinoCore.a(wiring.o)
                0x008001d0                timer0_overflow_count
 .bss.Tlc       0x008001d4        0x1 C:\Users\mytch\Desktop\CPE329~3\CPE329~1\CPE329~1\ARDUIN~1\Debug\libArduinoCore.a(SparkFun_Tlc5940.o)
                0x008001d4                Tlc
 .bss._ZL12firstGSInput
                0x008001d5        0x1 C:\Users\mytch\Desktop\CPE329~3\CPE329~1\CPE329~1\ARDUIN~1\Debug\libArduinoCore.a(SparkFun_Tlc5940.o)
 .bss.tlc_GSData
                0x008001d6       0x18 C:\Users\mytch\Desktop\CPE329~3\CPE329~1\CPE329~1\ARDUIN~1\Debug\libArduinoCore.a(SparkFun_Tlc5940.o)
                0x008001d6                tlc_GSData
 .bss.tlc_onUpdateFinished
                0x008001ee        0x2 C:\Users\mytch\Desktop\CPE329~3\CPE329~1\CPE329~1\ARDUIN~1\Debug\libArduinoCore.a(SparkFun_Tlc5940.o)
                0x008001ee                tlc_onUpdateFinished
 .bss.tlc_needXLAT
                0x008001f0        0x1 C:\Users\mytch\Desktop\CPE329~3\CPE329~1\CPE329~1\ARDUIN~1\Debug\libArduinoCore.a(SparkFun_Tlc5940.o)
                0x008001f0                tlc_needXLAT
 *(COMMON)
                0x008001f1                PROVIDE (__bss_end, .)
                0x00000b84                __data_load_start = LOADADDR (.data)
                0x00000bac                __data_load_end = (__data_load_start + SIZEOF (.data))

.noinit         0x008001f1        0x0
                0x008001f1                PROVIDE (__noinit_start, .)
 *(.noinit*)
                0x008001f1                PROVIDE (__noinit_end, .)
                0x008001f1                _end = .
                0x008001f1                PROVIDE (__heap_start, .)

.eeprom         0x00810000        0x0
 *(.eeprom*)
                0x00810000                __eeprom_end = .

.fuse
 *(.fuse)
 *(.lfuse)
 *(.hfuse)
 *(.efuse)

.lock
 *(.lock*)

.signature
 *(.signature*)

.user_signatures
 *(.user_signatures*)

.stab
 *(.stab)

.stabstr
 *(.stabstr)

.stab.excl
 *(.stab.excl)

.stab.exclstr
 *(.stab.exclstr)

.stab.index
 *(.stab.index)

.stab.indexstr
 *(.stab.indexstr)

.comment        0x00000000       0x30
 *(.comment)
 .comment       0x00000000       0x30 main.o
                                 0x31 (size before relaxing)
 .comment       0x00000030       0x31 rgbUtil.o
 .comment       0x00000030       0x31 C:\Users\mytch\Desktop\CPE329~3\CPE329~1\CPE329~1\ARDUIN~1\Debug\libArduinoCore.a(HardwareSerial.o)
 .comment       0x00000030       0x31 C:\Users\mytch\Desktop\CPE329~3\CPE329~1\CPE329~1\ARDUIN~1\Debug\libArduinoCore.a(HardwareSerial0.o)
 .comment       0x00000030       0x31 C:\Users\mytch\Desktop\CPE329~3\CPE329~1\CPE329~1\ARDUIN~1\Debug\libArduinoCore.a(Print.o)
 .comment       0x00000030       0x31 C:\Users\mytch\Desktop\CPE329~3\CPE329~1\CPE329~1\ARDUIN~1\Debug\libArduinoCore.a(wiring.o)
 .comment       0x00000030       0x31 C:\Users\mytch\Desktop\CPE329~3\CPE329~1\CPE329~1\ARDUIN~1\Debug\libArduinoCore.a(SparkFun_Tlc5940.o)

.note.gnu.avr.deviceinfo
                0x00000000       0x40
 .note.gnu.avr.deviceinfo
                0x00000000       0x40 C:/Program Files (x86)/Atmel/Studio/7.0/Packs/atmel/ATmega_DFP/1.0.98/gcc/dev/atmega328p/avr5/crtatmega328p.o

.note.gnu.build-id
 *(.note.gnu.build-id)

.debug
 *(.debug)

.line
 *(.line)

.debug_srcinfo
 *(.debug_srcinfo)

.debug_sfnames
 *(.debug_sfnames)

.debug_aranges  0x00000000      0x2a8
 *(.debug_aranges)
 .debug_aranges
                0x00000000       0x38 main.o
 .debug_aranges
                0x00000038       0x38 rgbUtil.o
 .debug_aranges
                0x00000070       0x68 C:\Users\mytch\Desktop\CPE329~3\CPE329~1\CPE329~1\ARDUIN~1\Debug\libArduinoCore.a(HardwareSerial.o)
 .debug_aranges
                0x000000d8       0x38 C:\Users\mytch\Desktop\CPE329~3\CPE329~1\CPE329~1\ARDUIN~1\Debug\libArduinoCore.a(HardwareSerial0.o)
 .debug_aranges
                0x00000110       0xf0 C:\Users\mytch\Desktop\CPE329~3\CPE329~1\CPE329~1\ARDUIN~1\Debug\libArduinoCore.a(Print.o)
 .debug_aranges
                0x00000200       0x48 C:\Users\mytch\Desktop\CPE329~3\CPE329~1\CPE329~1\ARDUIN~1\Debug\libArduinoCore.a(wiring.o)
 .debug_aranges
                0x00000248       0x60 C:\Users\mytch\Desktop\CPE329~3\CPE329~1\CPE329~1\ARDUIN~1\Debug\libArduinoCore.a(SparkFun_Tlc5940.o)

.debug_pubnames
 *(.debug_pubnames)

.debug_info     0x00000000     0x6b05
 *(.debug_info .gnu.linkonce.wi.*)
 .debug_info    0x00000000      0x57e main.o
 .debug_info    0x0000057e      0x4be rgbUtil.o
 .debug_info    0x00000a3c     0x1b07 C:\Users\mytch\Desktop\CPE329~3\CPE329~1\CPE329~1\ARDUIN~1\Debug\libArduinoCore.a(HardwareSerial.o)
 .debug_info    0x00002543     0x1733 C:\Users\mytch\Desktop\CPE329~3\CPE329~1\CPE329~1\ARDUIN~1\Debug\libArduinoCore.a(HardwareSerial0.o)
 .debug_info    0x00003c76     0x26f2 C:\Users\mytch\Desktop\CPE329~3\CPE329~1\CPE329~1\ARDUIN~1\Debug\libArduinoCore.a(Print.o)
 .debug_info    0x00006368      0x2bd C:\Users\mytch\Desktop\CPE329~3\CPE329~1\CPE329~1\ARDUIN~1\Debug\libArduinoCore.a(wiring.o)
 .debug_info    0x00006625      0x4e0 C:\Users\mytch\Desktop\CPE329~3\CPE329~1\CPE329~1\ARDUIN~1\Debug\libArduinoCore.a(SparkFun_Tlc5940.o)

.debug_abbrev   0x00000000     0x1482
 *(.debug_abbrev)
 .debug_abbrev  0x00000000      0x2c3 main.o
 .debug_abbrev  0x000002c3      0x220 rgbUtil.o
 .debug_abbrev  0x000004e3      0x411 C:\Users\mytch\Desktop\CPE329~3\CPE329~1\CPE329~1\ARDUIN~1\Debug\libArduinoCore.a(HardwareSerial.o)
 .debug_abbrev  0x000008f4      0x364 C:\Users\mytch\Desktop\CPE329~3\CPE329~1\CPE329~1\ARDUIN~1\Debug\libArduinoCore.a(HardwareSerial0.o)
 .debug_abbrev  0x00000c58      0x436 C:\Users\mytch\Desktop\CPE329~3\CPE329~1\CPE329~1\ARDUIN~1\Debug\libArduinoCore.a(Print.o)
 .debug_abbrev  0x0000108e      0x145 C:\Users\mytch\Desktop\CPE329~3\CPE329~1\CPE329~1\ARDUIN~1\Debug\libArduinoCore.a(wiring.o)
 .debug_abbrev  0x000011d3      0x2af C:\Users\mytch\Desktop\CPE329~3\CPE329~1\CPE329~1\ARDUIN~1\Debug\libArduinoCore.a(SparkFun_Tlc5940.o)

.debug_line     0x00000000     0x1136
 *(.debug_line .debug_line.* .debug_line_end)
 .debug_line    0x00000000      0x2c7 main.o
 .debug_line    0x000002c7      0x22a rgbUtil.o
 .debug_line    0x000004f1      0x2c5 C:\Users\mytch\Desktop\CPE329~3\CPE329~1\CPE329~1\ARDUIN~1\Debug\libArduinoCore.a(HardwareSerial.o)
 .debug_line    0x000007b6      0x20d C:\Users\mytch\Desktop\CPE329~3\CPE329~1\CPE329~1\ARDUIN~1\Debug\libArduinoCore.a(HardwareSerial0.o)
 .debug_line    0x000009c3      0x3f2 C:\Users\mytch\Desktop\CPE329~3\CPE329~1\CPE329~1\ARDUIN~1\Debug\libArduinoCore.a(Print.o)
 .debug_line    0x00000db5      0x18e C:\Users\mytch\Desktop\CPE329~3\CPE329~1\CPE329~1\ARDUIN~1\Debug\libArduinoCore.a(wiring.o)
 .debug_line    0x00000f43      0x1f3 C:\Users\mytch\Desktop\CPE329~3\CPE329~1\CPE329~1\ARDUIN~1\Debug\libArduinoCore.a(SparkFun_Tlc5940.o)

.debug_frame    0x00000000      0x818
 *(.debug_frame)
 .debug_frame   0x00000000       0x78 main.o
 .debug_frame   0x00000078       0x6c rgbUtil.o
 .debug_frame   0x000000e4      0x104 C:\Users\mytch\Desktop\CPE329~3\CPE329~1\CPE329~1\ARDUIN~1\Debug\libArduinoCore.a(HardwareSerial.o)
 .debug_frame   0x000001e8       0xc0 C:\Users\mytch\Desktop\CPE329~3\CPE329~1\CPE329~1\ARDUIN~1\Debug\libArduinoCore.a(HardwareSerial0.o)
 .debug_frame   0x000002a8      0x39c C:\Users\mytch\Desktop\CPE329~3\CPE329~1\CPE329~1\ARDUIN~1\Debug\libArduinoCore.a(Print.o)
 .debug_frame   0x00000644       0xbc C:\Users\mytch\Desktop\CPE329~3\CPE329~1\CPE329~1\ARDUIN~1\Debug\libArduinoCore.a(wiring.o)
 .debug_frame   0x00000700      0x118 C:\Users\mytch\Desktop\CPE329~3\CPE329~1\CPE329~1\ARDUIN~1\Debug\libArduinoCore.a(SparkFun_Tlc5940.o)

.debug_str      0x00000000     0x1a18
 *(.debug_str)
 .debug_str     0x00000000      0x3d9 main.o
                                0x429 (size before relaxing)
 .debug_str     0x000003d9       0x56 rgbUtil.o
                                0x3b9 (size before relaxing)
 .debug_str     0x0000042f      0xf83 C:\Users\mytch\Desktop\CPE329~3\CPE329~1\CPE329~1\ARDUIN~1\Debug\libArduinoCore.a(HardwareSerial.o)
                               0x11f8 (size before relaxing)
 .debug_str     0x000013b2       0x87 C:\Users\mytch\Desktop\CPE329~3\CPE329~1\CPE329~1\ARDUIN~1\Debug\libArduinoCore.a(HardwareSerial0.o)
                                0xff2 (size before relaxing)
 .debug_str     0x00001439      0x39a C:\Users\mytch\Desktop\CPE329~3\CPE329~1\CPE329~1\ARDUIN~1\Debug\libArduinoCore.a(Print.o)
                                0xe98 (size before relaxing)
 .debug_str     0x000017d3      0x148 C:\Users\mytch\Desktop\CPE329~3\CPE329~1\CPE329~1\ARDUIN~1\Debug\libArduinoCore.a(wiring.o)
                                0x24a (size before relaxing)
 .debug_str     0x0000191b       0xfd C:\Users\mytch\Desktop\CPE329~3\CPE329~1\CPE329~1\ARDUIN~1\Debug\libArduinoCore.a(SparkFun_Tlc5940.o)
                                0x382 (size before relaxing)

.debug_loc      0x00000000     0x2ca5
 *(.debug_loc)
 .debug_loc     0x00000000       0xd5 main.o
 .debug_loc     0x000000d5      0x114 rgbUtil.o
 .debug_loc     0x000001e9      0x45a C:\Users\mytch\Desktop\CPE329~3\CPE329~1\CPE329~1\ARDUIN~1\Debug\libArduinoCore.a(HardwareSerial.o)
 .debug_loc     0x00000643      0x161 C:\Users\mytch\Desktop\CPE329~3\CPE329~1\CPE329~1\ARDUIN~1\Debug\libArduinoCore.a(HardwareSerial0.o)
 .debug_loc     0x000007a4     0x1eba C:\Users\mytch\Desktop\CPE329~3\CPE329~1\CPE329~1\ARDUIN~1\Debug\libArduinoCore.a(Print.o)
 .debug_loc     0x0000265e      0x249 C:\Users\mytch\Desktop\CPE329~3\CPE329~1\CPE329~1\ARDUIN~1\Debug\libArduinoCore.a(wiring.o)
 .debug_loc     0x000028a7      0x3fe C:\Users\mytch\Desktop\CPE329~3\CPE329~1\CPE329~1\ARDUIN~1\Debug\libArduinoCore.a(SparkFun_Tlc5940.o)

.debug_macinfo
 *(.debug_macinfo)

.debug_weaknames
 *(.debug_weaknames)

.debug_funcnames
 *(.debug_funcnames)

.debug_typenames
 *(.debug_typenames)

.debug_varnames
 *(.debug_varnames)

.debug_pubtypes
 *(.debug_pubtypes)

.debug_ranges   0x00000000      0x2c8
 *(.debug_ranges)
 .debug_ranges  0x00000000       0x28 main.o
 .debug_ranges  0x00000028       0x28 rgbUtil.o
 .debug_ranges  0x00000050       0x70 C:\Users\mytch\Desktop\CPE329~3\CPE329~1\CPE329~1\ARDUIN~1\Debug\libArduinoCore.a(HardwareSerial.o)
 .debug_ranges  0x000000c0       0x28 C:\Users\mytch\Desktop\CPE329~3\CPE329~1\CPE329~1\ARDUIN~1\Debug\libArduinoCore.a(HardwareSerial0.o)
 .debug_ranges  0x000000e8      0x128 C:\Users\mytch\Desktop\CPE329~3\CPE329~1\CPE329~1\ARDUIN~1\Debug\libArduinoCore.a(Print.o)
 .debug_ranges  0x00000210       0x38 C:\Users\mytch\Desktop\CPE329~3\CPE329~1\CPE329~1\ARDUIN~1\Debug\libArduinoCore.a(wiring.o)
 .debug_ranges  0x00000248       0x80 C:\Users\mytch\Desktop\CPE329~3\CPE329~1\CPE329~1\ARDUIN~1\Debug\libArduinoCore.a(SparkFun_Tlc5940.o)

.debug_macro
 *(.debug_macro)
OUTPUT(CPE329_FinalProject.elf elf32-avr)
LOAD linker stubs
